******************************************************************************
             TMS320C2000 Linker PC v22.6.2                     
******************************************************************************
>> Linked Mon Jan 12 16:07:41 2026

OUTPUT FILE NAME:   <260112_1600_Driverlib Empty CPU1 Example CCS Project.out>
ENTRY POINT SYMBOL: "code_start"  address: 00000000


MEMORY CONFIGURATION

         name            origin    length      used     unused   attr    fill
----------------------  --------  ---------  --------  --------  ----  --------
  BEGIN                 00000000   00000002  00000002  00000000  RWIX
  BOOT_RSVD             00000002   000001af  00000000  000001af  RWIX
  RAMM0                 000001b1   0000024f  00000014  0000023b  RWIX
  RAMM1                 00000400   000003f8  000003f8  00000000  RWIX
  RAMLS0                00008000   00000800  000003c1  0000043f  RWIX
  RAMLS1                00008800   00000800  00000000  00000800  RWIX
  RAMLS2                00009000   00000800  00000000  00000800  RWIX
  RAMLS3                00009800   00000800  00000000  00000800  RWIX
  RAMLS4                0000a000   00000800  00000000  00000800  RWIX
  RAMLS5                0000a800   00000800  00000329  000004d7  RWIX
  RAMLS6                0000b000   00000800  00000000  00000800  RWIX
  RAMLS7                0000b800   00000800  00000000  00000800  RWIX
  RAMD0                 0000c000   00000800  00000800  00000000  RWIX
  RAMD1                 0000c800   00000800  00000800  00000000  RWIX
  RAMGS0                0000d000   00001000  00000000  00001000  RWIX
  RAMGS1                0000e000   00001000  00000000  00001000  RWIX
  RAMGS2                0000f000   00001000  00000000  00001000  RWIX
  RAMGS3                00010000   00001000  00000000  00001000  RWIX
  RAMGS4                00011000   00001000  00000000  00001000  RWIX
  RAMGS5                00012000   00001000  00000000  00001000  RWIX
  RAMGS6                00013000   00001000  00000000  00001000  RWIX
  RAMGS7                00014000   00001000  00000000  00001000  RWIX
  RAMGS8                00015000   00001000  00000000  00001000  RWIX
  RAMGS9                00016000   00001000  00000000  00001000  RWIX
  RAMGS10               00017000   00001000  00000000  00001000  RWIX
  RAMGS11               00018000   00001000  00000000  00001000  RWIX
  RAMGS12               00019000   00001000  00000000  00001000  RWIX
  RAMGS13               0001a000   00001000  00000000  00001000  RWIX
  RAMGS14               0001b000   00001000  00000000  00001000  RWIX
  RAMGS15               0001c000   00000ff8  00000000  00000ff8  RWIX
  CMTOCPURAM            00038000   00000800  00000000  00000800  RWIX
  CPUTOCMRAM            00039000   00000800  00000000  00000800  RWIX
  CPU1TOCPU2RAM         0003a000   00000800  00000000  00000800  RWIX
  CPU2TOCPU1RAM         0003b000   00000800  00000000  00000800  RWIX
  CANA_MSG_RAM          00049000   00000800  00000000  00000800  RWIX
  CANB_MSG_RAM          0004b000   00000800  00000000  00000800  RWIX
  FLASH0                00080000   00002000  00000000  00002000  RWIX
  FLASH1                00082000   00002000  00000000  00002000  RWIX
  FLASH2                00084000   00002000  00000000  00002000  RWIX
  FLASH3                00086000   00002000  00000000  00002000  RWIX
  FLASH4                00088000   00008000  00000000  00008000  RWIX
  FLASH5                00090000   00008000  00000000  00008000  RWIX
  FLASH6                00098000   00008000  00000000  00008000  RWIX
  FLASH7                000a0000   00008000  00000000  00008000  RWIX
  FLASH8                000a8000   00008000  00000000  00008000  RWIX
  FLASH9                000b0000   00008000  00000000  00008000  RWIX
  FLASH10               000b8000   00002000  00000000  00002000  RWIX
  FLASH11               000ba000   00002000  00000000  00002000  RWIX
  FLASH12               000bc000   00002000  00000000  00002000  RWIX
  FLASH13               000be000   00002000  00000000  00002000  RWIX
  RESET                 003fffc0   00000002  00000000  00000002  RWIX


SECTION ALLOCATION MAP

 output                                  attributes/
section   page    origin      length       input sections
--------  ----  ----------  ----------   ----------------
codestart 
*          0    00000000    00000002     
                  00000000    00000002     f2838x_codestartbranch.obj (codestart)

.cinit     0    000001b6    00000010     
                  000001b6    00000008     (.cinit..data.load) [load image, compression = lzss]
                  000001be    00000004     (__TI_handler_table)
                  000001c2    00000004     (__TI_cinit_table)

.reset     0    003fffc0    00000000     DSECT

.stack     0    00000400    000003f8     UNINITIALIZED
                  00000400    000003f8     --HOLE--

.init_array 
*          0    000001b1    00000000     UNINITIALIZED

.data      0    0000a800    0000000a     UNINITIALIZED
                  0000a800    00000006     rts2800_fpu64_eabi.lib : exit.c.obj (.data)
                  0000a806    00000002                            : _lock.c.obj (.data:_lock)
                  0000a808    00000002                            : _lock.c.obj (.data:_unlock)

.const     0    0000a80a    0000031f     
                  0000a80a    00000097     driverlib.lib : gpio.obj (.const:.string)
                  0000a8a1    00000001     --HOLE-- [fill = 0]
                  0000a8a2    00000097                   : sysctl.obj (.const:.string)
                  0000a939    00000001     --HOLE-- [fill = 0]
                  0000a93a    0000007f     board.obj (.const:.string)
                  0000a9b9    00000001     --HOLE-- [fill = 0]
                  0000a9ba    0000007f     empty_driverlib_main.obj (.const:.string)
                  0000aa39    00000001     --HOLE-- [fill = 0]
                  0000aa3a    00000050     driverlib.lib : interrupt.obj (.const:.string)
                  0000aa8a    0000004f     device.obj (.const:.string)
                  0000aad9    00000001     --HOLE-- [fill = 0]
                  0000aada    0000004f     driverlib.lib : cputimer.obj (.const:.string)

.TI.ramfunc 
*          0    000001b1    00000004     
                  000001b1    00000004     driverlib.lib : sysctl.obj (.TI.ramfunc)

.text.1    0    00008000    000003c1     
                  00008000    00000018     board.obj (.text:EPWM_disableRisingEdgeDelayCountShadowLoadMode)
                  00008018    00000017     board.obj (.text:CPUTimer_isBaseValid)
                  0000802f    00000017     driverlib.lib : cputimer.obj (.text:CPUTimer_isBaseValid)
                  00008046    00000017     empty_driverlib_main.obj (.text:CPUTimer_isBaseValid)
                  0000805d    00000017     board.obj (.text:CPUTimer_setPreScaler)
                  00008074    00000017     device.obj (.text:SysCtl_enablePeripheral)
                  0000808b    00000017     driverlib.lib : sysctl.obj (.text:SysCtl_enablePeripheral)
                  000080a2    00000016                   : sysctl.obj (.text:DCC_disableDoneSignal)
                  000080b8    00000016                   : interrupt.obj (.text:Interrupt_defaultHandler)
                  000080ce    00000015     board.obj (.text:CPUTimer_enableInterrupt)
                  000080e3    00000015     driverlib.lib : sysctl.obj (.text:DCC_clearDoneFlag)
                  000080f8    00000015                   : sysctl.obj (.text:DCC_clearErrorFlag)
                  0000810d    00000015                   : sysctl.obj (.text:DCC_disableErrorSignal)
                  00008122    00000015     device.obj (.text:GPIO_unlockPortConfig)
                  00008137    00000014     board.obj (.text:CPUTimer_reloadTimerCounter)
                  0000814b    00000014     board.obj (.text:CPUTimer_stopTimer)
                  0000815f    00000014     driverlib.lib : sysctl.obj (.text:DCC_disableModule)
                  00008173    00000014                   : sysctl.obj (.text:DCC_enableModule)
                  00008187    00000014     board.obj (.text:EPWM_setTimeBaseCounterMode)
                  0000819b    00000014     board.obj (.text:EPWM_setTimeBasePeriod)
                  000081af    00000014     board.obj (.text:LED1_61_init)
                  000081c3    00000014     board.obj (.text:LED2_62_init)
                  000081d7    00000014     board.obj (.text:LED3_145_init)
                  000081eb    00000014     board.obj (.text:LED4_146_init)
                  000081ff    00000014     device.obj (.text:SysCtl_deviceCal)
                  00008213    00000013     driverlib.lib : cputimer.obj (.text:CPUTimer_setEmulationMode)
                  00008226    00000013     device.obj (.text:Device_enableUnbondedGPIOPullupsFor176Pin)
                  00008239    00000012     empty_driverlib_main.obj (.text:CPUTimer_clearOverflowFlag)
                  0000824b    00000012     board.obj (.text:EPWM_setTimeBaseCounter)
                  0000825d    00000012     board.obj (.text:SysCtl_setSyncOutputConfig)
                  0000826f    00000011     board.obj (.text:CPUTimer_setPeriod)
                  00008280    00000011     device.obj (.text:Device_enableUnbondedGPIOPullups)
                  00008291    00000011     board.obj (.text:EPWM_disablePhaseShiftLoad)
                  000082a2    00000011     device.obj (.text:SysCtl_setCMClk)
                  000082b3    0000000f     board.obj (.text:Board_init)
                  000082c2    0000000f     board.obj (.text:Interrupt_register)
                  000082d1    0000000f     driverlib.lib : ipc.obj (.text:Interrupt_unregister)
                  000082e0    0000000f                   : sysctl.obj (.text:SysCtl_setPLLSysClk)
                  000082ef    0000000e                   : gpio.obj (.text:GPIO_isPinValid)
                  000082fd    0000000e     empty_driverlib_main.obj (.text:GPIO_isPinValid)
                  0000830b    0000000d     board.obj (.text:INTERRUPT_init)
                  00008318    0000000d     driverlib.lib : interrupt.obj (.text:Interrupt_disableGlobal)
                  00008325    0000000d                   : interrupt.obj (.text:Interrupt_enableGlobal)
                  00008332    0000000d     device.obj (.text:SysCtl_setLowSpeedClock)
                  0000833f    0000000c     board.obj (.text:SysCtl_enableExtADCSOCSource)
                  0000834b    0000000c     rts2800_fpu64_eabi.lib : args_main.c.obj (.text)
                  00008357    0000000b     device.obj (.text:SysCtl_disableWatchdog)
                  00008362    0000000b     driverlib.lib : sysctl.obj (.text:SysCtl_isMCDClockFailureDetected)
                  0000836d    0000000a                   : interrupt.obj (.text:Interrupt_illegalOperationHandler)
                  00008377    0000000a                   : interrupt.obj (.text:Interrupt_nmiHandler)
                  00008381    0000000a     board.obj (.text:SYNC_init)
                  0000838b    00000009     board.obj (.text:GPIO_init)
                  00008394    00000009     rts2800_fpu64_eabi.lib : _lock.c.obj (.text)
                  0000839d    00000008                            : copy_decompress_none.c.obj (.text:decompress:none)
                  000083a5    00000008     f2838x_codestartbranch.obj (.text)
                  000083ad    00000007     device.obj (.text:__error__)
                  000083b4    00000006     empty_driverlib_main.obj (.text:Interrupt_clearACKGroup)
                  000083ba    00000003     board.obj (.text:CPUTIMER_init)
                  000083bd    00000002     rts2800_fpu64_eabi.lib : pre_init.c.obj (.text)
                  000083bf    00000001     c2000ware_libraries.obj (.text:C2000Ware_libraries_init)
                  000083c0    00000001     rts2800_fpu64_eabi.lib : startup.c.obj (.text)

.text.2    0    0000c000    00000800     
                  0000c000    00000167     device.obj (.text:Device_enableAllPeripherals)
                  0000c167    0000013b     driverlib.lib : sysctl.obj (.text:SysCtl_setClock)
                  0000c2a2    00000118                   : sysctl.obj (.text:SysCtl_isPLLValid)
                  0000c3ba    00000118                   : sysctl.obj (.text:SysCtl_setAuxClock)
                  0000c4d2    000000c2     board.obj (.text:EPWM_init)
                  0000c594    00000088     rts2800_fpu64_eabi.lib : fs_div28.asm.obj (.text)
                  0000c61c    0000007f     driverlib.lib : interrupt.obj (.text:Interrupt_clearIFR)
                  0000c69b    00000073                   : sysctl.obj (.text:DCC_setCounterSeeds)
                  0000c70e    00000061                   : sysctl.obj (.text:SysCtl_getAuxClock)
                  0000c76f    00000060                   : sysctl.obj (.text:SysCtl_getClock)
                  0000c7cf    00000031                   : gpio.obj (.text:GPIO_setDirectionMode)

.text.3    0    0000c800    00000800     
                  0000c800    0000005e     driverlib.lib : sysctl.obj (.text:SysCtl_selectOscSourceAuxPLL)
                  0000c85e    00000052                   : gpio.obj (.text:GPIO_setPadConfig)
                  0000c8b0    0000004e                   : interrupt.obj (.text:Interrupt_disable)
                  0000c8fe    0000004d     device.obj (.text:Device_init)
                  0000c94b    0000004b     board.obj (.text:EPWM_isBaseValid)
                  0000c996    00000049     driverlib.lib : sysctl.obj (.text:SysCtl_pollX1Counter)
                  0000c9df    00000049     empty_driverlib_main.obj (.text:main)
                  0000ca28    00000047     driverlib.lib : sysctl.obj (.text:SysCtl_selectOscSource)
                  0000ca6f    00000045     empty_driverlib_main.obj (.text:cpuTimer0ISR)
                  0000cab4    00000044     empty_driverlib_main.obj (.text:GPIO_writePin)
                  0000caf8    00000040     board.obj (.text:EPWM_setActionQualifierAction)
                  0000cb38    00000040     driverlib.lib : sysctl.obj (.text:SysCtl_selectXTAL)
                  0000cb78    0000003e     board.obj (.text:EPWM_setCounterCompareShadowLoadMode)
                  0000cbb6    0000003d     driverlib.lib : interrupt.obj (.text:Interrupt_initModule)
                  0000cbf3    0000003b     empty_driverlib_main.obj (.text:GPIO_togglePin)
                  0000cc2e    0000003a     board.obj (.text:EPWM_setActionQualifierShadowLoadMode)
                  0000cc68    00000037     driverlib.lib : gpio.obj (.text:GPIO_setControllerCore)
                  0000cc9f    00000037                   : gpio.obj (.text:GPIO_setPinConfig)
                  0000ccd6    00000037                   : gpio.obj (.text:GPIO_setQualificationMode)
                  0000cd0d    00000030     board.obj (.text:PinMux_init)
                  0000cd3d    0000002e     rts2800_fpu64_eabi.lib : copy_decompress_lzss.c.obj (.text:decompress:lzss)
                  0000cd6b    0000002b                            : autoinit.c.obj (.text:__TI_auto_init_nobinit_nopinit)
                  0000cd96    00000029                            : exit.c.obj (.text)
                  0000cdbf    00000026     board.obj (.text:myCPUTIMER0_init)
                  0000cde5    00000025     driverlib.lib : sysctl.obj (.text:SysCtl_selectXTALSingleEnded)
                  0000ce0a    00000024                   : sysctl.obj (.text:DCC_enableSingleShotMode)
                  0000ce2e    00000022     board.obj (.text:EPWM_setCounterCompareValue)
                  0000ce50    00000021     device.obj (.text:Device_initGPIO)
                  0000ce71    0000001f     board.obj (.text:EPWM_setFallingEdgeDelayCountShadowLoadMode)
                  0000ce90    0000001f     board.obj (.text:EPWM_setRisingEdgeDelayCountShadowLoadMode)
                  0000ceaf    0000001e     driverlib.lib : sysctl.obj (.text:DCC_setCounter0ClkSource)
                  0000cecd    0000001e                   : sysctl.obj (.text:DCC_setCounter1ClkSource)
                  0000ceeb    0000001e     board.obj (.text:EPWM_setPhaseShift)
                  0000cf09    0000001e     driverlib.lib : interrupt.obj (.text:Interrupt_initVectorTable)
                  0000cf27    0000001d     rts2800_fpu64_eabi.lib : memcpy.c.obj (.text)
                  0000cf44    0000001c     board.obj (.text:EPWM_setClockPrescaler)
                  0000cf60    0000001a     board.obj (.text:CPUTimer_startTimer)
                  0000cf7a    0000001a     driverlib.lib : sysctl.obj (.text:DCC_isBaseValid)
                  0000cf94    0000001a     board.obj (.text:EPWM_disableActionQualifierShadowLoadMode)
                  0000cfae    0000001a     driverlib.lib : sysctl.obj (.text:SysCtl_getLowSpeedClock)
                  0000cfc8    00000019     rts2800_fpu64_eabi.lib : boot28.asm.obj (.text)
                  0000cfe1    00000018     board.obj (.text:EPWM_disableFallingEdgeDelayCountShadowLoadMode)
                  0000cff9    00000007     driverlib.lib : sysctl.obj (.text:SysCtl_resetMCD)

MODULE SUMMARY

       Module                       code   ro data   rw data
       ------                       ----   -------   -------
    .\
       empty_driverlib_main.obj     330    127       0      
    +--+----------------------------+------+---------+---------+
       Total:                       330    127       0      
                                                            
    .\device\
       device.obj                   617    79        0      
       f2838x_codestartbranch.obj   10     0         0      
    +--+----------------------------+------+---------+---------+
       Total:                       627    79        0      
                                                            
    .\syscfg\
       board.obj                    1167   127       0      
       c2000ware_libraries.obj      1      0         0      
    +--+----------------------------+------+---------+---------+
       Total:                       1168   127       0      
                                                            
    C:/ti/C2000Ware_6_00_01_00/driverlib/f2838x/driverlib/ccs/Debug/driverlib.lib
       sysctl.obj                   1855   151       0      
       gpio.obj                     310    151       0      
       interrupt.obj                364    80        0      
       cputimer.obj                 42     79        0      
       ipc.obj                      15     0         0      
    +--+----------------------------+------+---------+---------+
       Total:                       2586   461       0      
                                                            
    C:\ti\ccs2031\ccs\tools\compiler\ti-cgt-c2000_22.6.2.LTS\lib\rts2800_fpu64_eabi.lib
       fs_div28.asm.obj             136    0         0      
       exit.c.obj                   41     0         6      
       copy_decompress_lzss.c.obj   46     0         0      
       autoinit.c.obj               43     0         0      
       memcpy.c.obj                 29     0         0      
       boot28.asm.obj               25     0         0      
       _lock.c.obj                  9      0         4      
       args_main.c.obj              12     0         0      
       copy_decompress_none.c.obj   8      0         0      
       pre_init.c.obj               2      0         0      
       startup.c.obj                1      0         0      
    +--+----------------------------+------+---------+---------+
       Total:                       352    0         10     
                                                            
       Stack:                       0      0         1016   
       Linker Generated:            0      16        0      
    +--+----------------------------+------+---------+---------+
       Grand Total:                 5063   810       1026   


LINKER GENERATED COPY TABLES

__TI_cinit_table @ 000001c2 records: 1, size/record: 4, table size: 4
	.data: load addr=000001b6, load size=00000008 bytes, run addr=0000a800, run size=0000000a bytes, compression=lzss


LINKER GENERATED HANDLER TABLE

__TI_handler_table @ 000001be records: 2, size/record: 2, table size: 4
	index: 0, handler: __TI_decompress_lzss
	index: 1, handler: __TI_decompress_none


GLOBAL DATA SYMBOLS: SORTED BY DATA PAGE

address     data page           name
--------    ----------------    ----
00000400      10 (00000400)     __stack

0000a800     2a0 (0000a800)     __TI_enable_exit_profile_output
0000a802     2a0 (0000a800)     __TI_cleanup_ptr
0000a804     2a0 (0000a800)     __TI_dtors_ptr
0000a806     2a0 (0000a800)     _lock
0000a808     2a0 (0000a800)     _unlock


GLOBAL SYMBOLS: SORTED ALPHABETICALLY BY Name 

page  address   name                                     
----  -------   ----                                     
0     000082b3  Board_init                               
0     0000cd96  C$$EXIT                                  
0     000083bf  C2000Ware_libraries_init                 
0     000083ba  CPUTIMER_init                            
0     00008213  CPUTimer_setEmulationMode                
0     0000c000  Device_enableAllPeripherals              
0     00008280  Device_enableUnbondedGPIOPullups         
0     00008226  Device_enableUnbondedGPIOPullupsFor176Pin
0     0000c8fe  Device_init                              
0     0000ce50  Device_initGPIO                          
0     0000c4d2  EPWM_init                                
0     0000838b  GPIO_init                                
0     0000cc68  GPIO_setControllerCore                   
0     0000c7cf  GPIO_setDirectionMode                    
0     0000c85e  GPIO_setPadConfig                        
0     0000cc9f  GPIO_setPinConfig                        
0     0000ccd6  GPIO_setQualificationMode                
0     0000830b  INTERRUPT_init                           
n/a   UNDEFED   INT_myCPUTIMER0_ISR                      
0     000080b8  Interrupt_defaultHandler                 
0     0000c8b0  Interrupt_disable                        
0     0000836d  Interrupt_illegalOperationHandler        
0     0000cbb6  Interrupt_initModule                     
0     0000cf09  Interrupt_initVectorTable                
0     00008377  Interrupt_nmiHandler                     
0     000081af  LED1_61_init                             
0     000081c3  LED2_62_init                             
0     000081d7  LED3_145_init                            
0     000081eb  LED4_146_init                            
0     0000cd0d  PinMux_init                              
0     00008381  SYNC_init                                
0     000001b1  SysCtl_delay                             
0     0000c70e  SysCtl_getAuxClock                       
0     0000c76f  SysCtl_getClock                          
0     0000cfae  SysCtl_getLowSpeedClock                  
0     0000c2a2  SysCtl_isPLLValid                        
0     0000ca28  SysCtl_selectOscSource                   
0     0000c800  SysCtl_selectOscSourceAuxPLL             
0     0000cb38  SysCtl_selectXTAL                        
0     0000cde5  SysCtl_selectXTALSingleEnded             
0     0000c3ba  SysCtl_setAuxClock                       
0     0000c167  SysCtl_setClock                          
0     000001c2  __TI_CINIT_Base                          
0     000001c6  __TI_CINIT_Limit                         
0     000001c6  __TI_CINIT_Warm                          
0     000001be  __TI_Handler_Table_Base                  
0     000001c2  __TI_Handler_Table_Limit                 
0     000007f8  __TI_STACK_END                           
abs   000003f8  __TI_STACK_SIZE                          
0     0000cd6b  __TI_auto_init_nobinit_nopinit           
0     0000a802  __TI_cleanup_ptr                         
0     0000cd3d  __TI_decompress_lzss                     
0     0000839d  __TI_decompress_none                     
0     0000a804  __TI_dtors_ptr                           
0     0000a800  __TI_enable_exit_profile_output          
abs   ffffffff  __TI_pprof_out_hndl                      
abs   ffffffff  __TI_prof_data_size                      
abs   ffffffff  __TI_prof_data_start                     
0     0000c594  __c28xabi_divf                           
n/a   UNDEFED   __c_args__                               
0     000083ad  __error__                                
0     00000400  __stack                                  
0     0000834b  _args_main                               
0     0000cfc8  _c_int00                                 
0     0000a806  _lock                                    
0     0000839c  _nop                                     
0     00008398  _register_lock                           
0     00008394  _register_unlock                         
0     000083c0  _system_post_cinit                       
0     000083bd  _system_pre_init                         
0     0000a808  _unlock                                  
0     0000cd96  abort                                    
0     00000000  code_start                               
0     0000ca6f  cpuTimer0ISR                             
0     0000cd98  exit                                     
0     0000c9df  main                                     
0     0000cf27  memcpy                                   
0     0000cdbf  myCPUTIMER0_init                         


GLOBAL SYMBOLS: SORTED BY Symbol Address 

page  address   name                                     
----  -------   ----                                     
0     00000000  code_start                               
0     000001b1  SysCtl_delay                             
0     000001be  __TI_Handler_Table_Base                  
0     000001c2  __TI_CINIT_Base                          
0     000001c2  __TI_Handler_Table_Limit                 
0     000001c6  __TI_CINIT_Limit                         
0     000001c6  __TI_CINIT_Warm                          
0     00000400  __stack                                  
0     000007f8  __TI_STACK_END                           
0     000080b8  Interrupt_defaultHandler                 
0     000081af  LED1_61_init                             
0     000081c3  LED2_62_init                             
0     000081d7  LED3_145_init                            
0     000081eb  LED4_146_init                            
0     00008213  CPUTimer_setEmulationMode                
0     00008226  Device_enableUnbondedGPIOPullupsFor176Pin
0     00008280  Device_enableUnbondedGPIOPullups         
0     000082b3  Board_init                               
0     0000830b  INTERRUPT_init                           
0     0000834b  _args_main                               
0     0000836d  Interrupt_illegalOperationHandler        
0     00008377  Interrupt_nmiHandler                     
0     00008381  SYNC_init                                
0     0000838b  GPIO_init                                
0     00008394  _register_unlock                         
0     00008398  _register_lock                           
0     0000839c  _nop                                     
0     0000839d  __TI_decompress_none                     
0     000083ad  __error__                                
0     000083ba  CPUTIMER_init                            
0     000083bd  _system_pre_init                         
0     000083bf  C2000Ware_libraries_init                 
0     000083c0  _system_post_cinit                       
0     0000a800  __TI_enable_exit_profile_output          
0     0000a802  __TI_cleanup_ptr                         
0     0000a804  __TI_dtors_ptr                           
0     0000a806  _lock                                    
0     0000a808  _unlock                                  
0     0000c000  Device_enableAllPeripherals              
0     0000c167  SysCtl_setClock                          
0     0000c2a2  SysCtl_isPLLValid                        
0     0000c3ba  SysCtl_setAuxClock                       
0     0000c4d2  EPWM_init                                
0     0000c594  __c28xabi_divf                           
0     0000c70e  SysCtl_getAuxClock                       
0     0000c76f  SysCtl_getClock                          
0     0000c7cf  GPIO_setDirectionMode                    
0     0000c800  SysCtl_selectOscSourceAuxPLL             
0     0000c85e  GPIO_setPadConfig                        
0     0000c8b0  Interrupt_disable                        
0     0000c8fe  Device_init                              
0     0000c9df  main                                     
0     0000ca28  SysCtl_selectOscSource                   
0     0000ca6f  cpuTimer0ISR                             
0     0000cb38  SysCtl_selectXTAL                        
0     0000cbb6  Interrupt_initModule                     
0     0000cc68  GPIO_setControllerCore                   
0     0000cc9f  GPIO_setPinConfig                        
0     0000ccd6  GPIO_setQualificationMode                
0     0000cd0d  PinMux_init                              
0     0000cd3d  __TI_decompress_lzss                     
0     0000cd6b  __TI_auto_init_nobinit_nopinit           
0     0000cd96  C$$EXIT                                  
0     0000cd96  abort                                    
0     0000cd98  exit                                     
0     0000cdbf  myCPUTIMER0_init                         
0     0000cde5  SysCtl_selectXTALSingleEnded             
0     0000ce50  Device_initGPIO                          
0     0000cf09  Interrupt_initVectorTable                
0     0000cf27  memcpy                                   
0     0000cfae  SysCtl_getLowSpeedClock                  
0     0000cfc8  _c_int00                                 
abs   000003f8  __TI_STACK_SIZE                          
abs   ffffffff  __TI_pprof_out_hndl                      
abs   ffffffff  __TI_prof_data_size                      
abs   ffffffff  __TI_prof_data_start                     
n/a   UNDEFED   INT_myCPUTIMER0_ISR                      
n/a   UNDEFED   __c_args__                               

[78 symbols]
