******************************************************************************
             TMS320C2000 Linker PC v22.6.2                     
******************************************************************************
>> Linked Tue Jan 13 13:58:13 2026

OUTPUT FILE NAME:   <260109_1100_Driverlib Empty CPU1 Example CCS Project.out>
ENTRY POINT SYMBOL: "code_start"  address: 00080000


MEMORY CONFIGURATION

         name            origin    length      used     unused   attr    fill
----------------------  --------  ---------  --------  --------  ----  --------
  BOOT_RSVD             00000002   000001af  00000000  000001af  RWIX
  RAMM0                 000001b1   0000024f  00000000  0000024f  RWIX
  RAMM1                 00000400   000003f8  000003f8  00000000  RWIX
  RAMLS0                00008000   00000800  00000122  000006de  RWIX
  RAMLS1                00008800   00000800  00000000  00000800  RWIX
  RAMLS2                00009000   00000800  00000000  00000800  RWIX
  RAMLS3                00009800   00000800  00000000  00000800  RWIX
  RAMLS4                0000a000   00000800  00000000  00000800  RWIX
  RAMLS5                0000a800   00000800  0000000a  000007f6  RWIX
  RAMLS6                0000b000   00000800  00000000  00000800  RWIX
  RAMLS7                0000b800   00000800  00000000  00000800  RWIX
  RAMD0                 0000c000   00000800  00000000  00000800  RWIX
  RAMD1                 0000c800   00000800  00000000  00000800  RWIX
  RAMGS0                0000d000   00001000  00000000  00001000  RWIX
  RAMGS1                0000e000   00001000  00000000  00001000  RWIX
  RAMGS2                0000f000   00001000  00000000  00001000  RWIX
  RAMGS3                00010000   00001000  00000000  00001000  RWIX
  RAMGS4                00011000   00001000  00000000  00001000  RWIX
  RAMGS5                00012000   00001000  00000000  00001000  RWIX
  RAMGS6                00013000   00001000  00000000  00001000  RWIX
  RAMGS7                00014000   00001000  00000000  00001000  RWIX
  RAMGS8                00015000   00001000  00000000  00001000  RWIX
  RAMGS9                00016000   00001000  00000000  00001000  RWIX
  RAMGS10               00017000   00001000  00000000  00001000  RWIX
  RAMGS11               00018000   00001000  00000000  00001000  RWIX
  RAMGS12               00019000   00001000  00000000  00001000  RWIX
  RAMGS13               0001a000   00001000  00000000  00001000  RWIX
  RAMGS14               0001b000   00001000  00000000  00001000  RWIX
  RAMGS15               0001c000   00000ff8  00000000  00000ff8  RWIX
  CMTOCPURAM            00038000   00000800  00000000  00000800  RWIX
  CPUTOCMRAM            00039000   00000800  00000000  00000800  RWIX
  CPU1TOCPU2RAM         0003a000   00000800  00000000  00000800  RWIX
  CPU2TOCPU1RAM         0003b000   00000800  00000000  00000800  RWIX
  CANA_MSG_RAM          00049000   00000800  00000000  00000800  RWIX
  CANB_MSG_RAM          0004b000   00000800  00000000  00000800  RWIX
  BEGIN                 00080000   00000002  00000002  00000000  RWIX
  FLASH0                00080002   00001ffe  00000000  00001ffe  RWIX
  FLASH1                00082000   00002000  0000161b  000009e5  RWIX
  FLASH2                00084000   00002000  00000000  00002000  RWIX
  FLASH3                00086000   00002000  00000122  00001ede  RWIX
  FLASH4                00088000   00008000  00000012  00007fee  RWIX
  FLASH5                00090000   00008000  00000369  00007c97  RWIX
  FLASH6                00098000   00008000  00000000  00008000  RWIX
  FLASH7                000a0000   00008000  00000000  00008000  RWIX
  FLASH8                000a8000   00008000  00000000  00008000  RWIX
  FLASH9                000b0000   00008000  00000000  00008000  RWIX
  FLASH10               000b8000   00002000  00000000  00002000  RWIX
  FLASH11               000ba000   00002000  00000000  00002000  RWIX
  FLASH12               000bc000   00002000  00000000  00002000  RWIX
  FLASH13               000be000   00001ff0  00000000  00001ff0  RWIX
  RESET                 003fffc0   00000002  00000000  00000002  RWIX


SECTION ALLOCATION MAP

 output                                  attributes/
section   page    origin      length       input sections
--------  ----  ----------  ----------   ----------------
codestart 
*          0    00080000    00000002     
                  00080000    00000002     f2838x_codestartbranch.obj (codestart)

.cinit     0    00088000    00000012     
                  00088000    00000009     (.cinit..data.load) [load image, compression = lzss]
                  00088009    00000001     --HOLE-- [fill = 0]
                  0008800a    00000004     (__TI_handler_table)
                  0008800e    00000004     (__TI_cinit_table)

.reset     0    003fffc0    00000000     DSECT

.stack     0    00000400    000003f8     UNINITIALIZED
                  00000400    000003f8     --HOLE--

.init_array 
*          0    00082000    00000000     UNINITIALIZED

.data      0    0000a800    0000000a     UNINITIALIZED
                  0000a800    00000006     rts2800_fpu64_eabi.lib : exit.c.obj (.data)
                  0000a806    00000002                            : _lock.c.obj (.data:_lock)
                  0000a808    00000002                            : _lock.c.obj (.data:_unlock)

.const     0    00090000    00000369     
                  00090000    00000098     driverlib.lib : flash.obj (.const:.string)
                  00090098    00000097                   : epwm.obj (.const:.string)
                  0009012f    00000001     --HOLE-- [fill = 0]
                  00090130    00000097                   : gpio.obj (.const:.string)
                  000901c7    00000001     --HOLE-- [fill = 0]
                  000901c8    00000097                   : sysctl.obj (.const:.string)
                  0009025f    00000001     --HOLE-- [fill = 0]
                  00090260    0000007b     empty_driverlib_main.obj (.const:.string)
                  000902db    00000001     --HOLE-- [fill = 0]
                  000902dc    0000004f     device.obj (.const:.string)
                  0009032b    00000001     --HOLE-- [fill = 0]
                  0009032c    0000003d     board.obj (.const:.string)

.TI.ramfunc 
*          0    00086000    00000122     RUN ADDR = 00008000
                  00086000    0000003f     driverlib.lib : flash.obj (.TI.ramfunc:Flash_initModule)
                  0008603f    0000002c                   : flash.obj (.TI.ramfunc:Flash_setBankPowerMode)
                  0008606b    00000022                   : flash.obj (.TI.ramfunc:Flash_setWaitstates)
                  0008608d    0000001d                   : flash.obj (.TI.ramfunc:Flash_setPumpPowerMode)
                  000860aa    00000018                   : flash.obj (.TI.ramfunc:Flash_disableCache)
                  000860c2    00000018                   : flash.obj (.TI.ramfunc:Flash_disablePrefetch)
                  000860da    00000017                   : flash.obj (.TI.ramfunc:Flash_enableCache)
                  000860f1    00000017                   : flash.obj (.TI.ramfunc:Flash_enablePrefetch)
                  00086108    00000016                   : flash.obj (.TI.ramfunc:Flash_enableECC)
                  0008611e    00000004                   : sysctl.obj (.TI.ramfunc)

.text      0    00082000    0000161b     
                  00082000    0000029a     board.obj (.text:EPWM_init)
                  0008229a    00000167     device.obj (.text:Device_enableAllPeripherals)
                  00082401    0000013b     driverlib.lib : sysctl.obj (.text:SysCtl_setClock)
                  0008253c    00000118                   : sysctl.obj (.text:SysCtl_isPLLValid)
                  00082654    00000118                   : sysctl.obj (.text:SysCtl_setAuxClock)
                  0008276c    00000088     rts2800_fpu64_eabi.lib : fs_div28.asm.obj (.text)
                  000827f4    00000073     driverlib.lib : sysctl.obj (.text:DCC_setCounterSeeds)
                  00082867    0000006b     empty_driverlib_main.obj (.text:main)
                  000828d2    00000068     board.obj (.text:PinMux_init)
                  0008293a    00000061     driverlib.lib : sysctl.obj (.text:SysCtl_getAuxClock)
                  0008299b    00000060     device.obj (.text:Device_init)
                  000829fb    00000060     driverlib.lib : sysctl.obj (.text:SysCtl_getClock)
                  00082a5b    0000005e                   : sysctl.obj (.text:SysCtl_selectOscSourceAuxPLL)
                  00082ab9    00000052                   : gpio.obj (.text:GPIO_setPadConfig)
                  00082b0b    0000004b     board.obj (.text:EPWM_isBaseValid)
                  00082b56    0000004b     driverlib.lib : epwm.obj (.text:EPWM_isBaseValid)
                  00082ba1    0000004b     empty_driverlib_main.obj (.text:EPWM_isBaseValid)
                  00082bec    00000049     driverlib.lib : sysctl.obj (.text:SysCtl_pollX1Counter)
                  00082c35    00000047                   : sysctl.obj (.text:SysCtl_selectOscSource)
                  00082c7c    00000044     empty_driverlib_main.obj (.text:GPIO_writePin)
                  00082cc0    00000040     board.obj (.text:EPWM_setActionQualifierAction)
                  00082d00    00000040     driverlib.lib : sysctl.obj (.text:SysCtl_selectXTAL)
                  00082d40    0000003e     board.obj (.text:EPWM_setCounterCompareShadowLoadMode)
                  00082d7e    0000003d     driverlib.lib : interrupt.obj (.text:Interrupt_initModule)
                  00082dbb    0000003b     empty_driverlib_main.obj (.text:GPIO_togglePin)
                  00082df6    0000003a     board.obj (.text:EPWM_setActionQualifierShadowLoadMode)
                  00082e30    00000038     empty_driverlib_main.obj (.text:EPWM1_setDuty)
                  00082e68    00000038     empty_driverlib_main.obj (.text:EPWM2_setDuty)
                  00082ea0    00000037     driverlib.lib : gpio.obj (.text:GPIO_setControllerCore)
                  00082ed7    00000037                   : gpio.obj (.text:GPIO_setPinConfig)
                  00082f0e    00000037                   : gpio.obj (.text:GPIO_setQualificationMode)
                  00082f45    00000031                   : gpio.obj (.text:GPIO_setDirectionMode)
                  00082f76    0000002e     rts2800_fpu64_eabi.lib : copy_decompress_lzss.c.obj (.text:decompress:lzss)
                  00082fa4    0000002c     board.obj (.text:EPWM_setDeadBandDelayMode)
                  00082fd0    0000002b     rts2800_fpu64_eabi.lib : autoinit.c.obj (.text:__TI_auto_init_nobinit_nopinit)
                  00082ffb    00000029                            : exit.c.obj (.text)
                  00083024    00000027     board.obj (.text:HRPWM_setSyncPulseSource)
                  0008304b    00000025     driverlib.lib : sysctl.obj (.text:SysCtl_selectXTALSingleEnded)
                  00083070    00000024                   : sysctl.obj (.text:DCC_enableSingleShotMode)
                  00083094    00000024     board.obj (.text:EPWM_disableCounterCompareShadowLoadMode)
                  000830b8    00000022     board.obj (.text:EPWM_setCounterCompareValue)
                  000830da    00000022     empty_driverlib_main.obj (.text:EPWM_setCounterCompareValue)
                  000830fc    00000021     device.obj (.text:Device_initGPIO)
                  0008311d    0000001f     board.obj (.text:EPWM_setFallingEdgeDelayCountShadowLoadMode)
                  0008313c    0000001f     board.obj (.text:EPWM_setRisingEdgeDelayCountShadowLoadMode)
                  0008315b    0000001e     driverlib.lib : sysctl.obj (.text:DCC_setCounter0ClkSource)
                  00083179    0000001e                   : sysctl.obj (.text:DCC_setCounter1ClkSource)
                  00083197    0000001e     board.obj (.text:EPWM_setPhaseShift)
                  000831b5    0000001e     driverlib.lib : interrupt.obj (.text:Interrupt_initVectorTable)
                  000831d3    0000001d     board.obj (.text:EPWM_enableSyncOutPulseSource)
                  000831f0    0000001d     board.obj (.text:EPWM_setFallingEdgeDelayCount)
                  0008320d    0000001d     board.obj (.text:EPWM_setRisingEdgeDelayCount)
                  0008322a    0000001d     rts2800_fpu64_eabi.lib : memcpy.c.obj (.text)
                  00083247    0000001c     board.obj (.text:EPWM_setClockPrescaler)
                  00083263    0000001a     driverlib.lib : sysctl.obj (.text:DCC_isBaseValid)
                  0008327d    0000001a     board.obj (.text:EPWM_disableActionQualifierShadowLoadMode)
                  00083297    0000001a     driverlib.lib : sysctl.obj (.text:SysCtl_getLowSpeedClock)
                  000832b1    00000019     board.obj (.text:EPWM_setCountModeAfterSync)
                  000832ca    00000019     rts2800_fpu64_eabi.lib : boot28.asm.obj (.text)
                  000832e3    00000018     board.obj (.text:EPWM_disableFallingEdgeDelayCountShadowLoadMode)
                  000832fb    00000018     board.obj (.text:EPWM_disableRisingEdgeDelayCountShadowLoadMode)
                  00083313    00000018     board.obj (.text:EPWM_setPeriodLoadMode)
                  0008332b    00000017     device.obj (.text:SysCtl_enablePeripheral)
                  00083342    00000017     driverlib.lib : sysctl.obj (.text:SysCtl_enablePeripheral)
                  00083359    00000016                   : sysctl.obj (.text:DCC_disableDoneSignal)
                  0008336f    00000016                   : epwm.obj (.text:EPWM_setEmulationMode)
                  00083385    00000016                   : interrupt.obj (.text:Interrupt_defaultHandler)
                  0008339b    00000015                   : sysctl.obj (.text:DCC_clearDoneFlag)
                  000833b0    00000015                   : sysctl.obj (.text:DCC_clearErrorFlag)
                  000833c5    00000015                   : sysctl.obj (.text:DCC_disableErrorSignal)
                  000833da    00000015     device.obj (.text:GPIO_unlockPortConfig)
                  000833ef    00000014     driverlib.lib : sysctl.obj (.text:DCC_disableModule)
                  00083403    00000014                   : sysctl.obj (.text:DCC_enableModule)
                  00083417    00000014     board.obj (.text:EPWM_setTimeBaseCounterMode)
                  0008342b    00000014     board.obj (.text:EPWM_setTimeBasePeriod)
                  0008343f    00000014     board.obj (.text:LED1_61_init)
                  00083453    00000014     board.obj (.text:LED2_62_init)
                  00083467    00000014     board.obj (.text:LED3_145_init)
                  0008347b    00000014     board.obj (.text:LED4_146_init)
                  0008348f    00000013     device.obj (.text:Device_enableUnbondedGPIOPullupsFor176Pin)
                  000834a2    00000012     empty_driverlib_main.obj (.text:EPWM_getTimeBasePeriod)
                  000834b4    00000012     board.obj (.text:EPWM_setTimeBaseCounter)
                  000834c6    00000012     board.obj (.text:SysCtl_setSyncOutputConfig)
                  000834d8    00000011     device.obj (.text:Device_enableUnbondedGPIOPullups)
                  000834e9    00000011     board.obj (.text:EPWM_disablePhaseShiftLoad)
                  000834fa    00000011     board.obj (.text:EPWM_enablePhaseShiftLoad)
                  0008350b    00000011     device.obj (.text:SysCtl_setCMClk)
                  0008351c    00000010     driverlib.lib : flash.obj (.text:Flash_isCtrlBaseValid)
                  0008352c    00000010                   : flash.obj (.text:Flash_isECCBaseValid)
                  0008353c    0000000f                   : ipc.obj (.text:Interrupt_unregister)
                  0008354b    0000000f                   : sysctl.obj (.text:SysCtl_setPLLSysClk)
                  0008355a    0000000e                   : gpio.obj (.text:GPIO_isPinValid)
                  00083568    0000000e     empty_driverlib_main.obj (.text:GPIO_isPinValid)
                  00083576    0000000d     driverlib.lib : interrupt.obj (.text:Interrupt_disableGlobal)
                  00083583    0000000d     device.obj (.text:SysCtl_setLowSpeedClock)
                  00083590    0000000c     board.obj (.text:SysCtl_enableExtADCSOCSource)
                  0008359c    0000000c     rts2800_fpu64_eabi.lib : args_main.c.obj (.text)
                  000835a8    0000000b     board.obj (.text:Board_init)
                  000835b3    0000000b     device.obj (.text:SysCtl_disableWatchdog)
                  000835be    0000000b     driverlib.lib : sysctl.obj (.text:SysCtl_isMCDClockFailureDetected)
                  000835c9    0000000a                   : interrupt.obj (.text:Interrupt_illegalOperationHandler)
                  000835d3    0000000a                   : interrupt.obj (.text:Interrupt_nmiHandler)
                  000835dd    0000000a     board.obj (.text:SYNC_init)
                  000835e7    00000009     board.obj (.text:GPIO_init)
                  000835f0    00000009     rts2800_fpu64_eabi.lib : _lock.c.obj (.text)
                  000835f9    00000008                            : copy_decompress_none.c.obj (.text:decompress:none)
                  00083601    00000008     f2838x_codestartbranch.obj (.text)
                  00083609    00000007     driverlib.lib : sysctl.obj (.text:SysCtl_resetMCD)
                  00083610    00000007     device.obj (.text:__error__)
                  00083617    00000002     rts2800_fpu64_eabi.lib : pre_init.c.obj (.text)
                  00083619    00000001     c2000ware_libraries.obj (.text:C2000Ware_libraries_init)
                  0008361a    00000001     rts2800_fpu64_eabi.lib : startup.c.obj (.text)

MODULE SUMMARY

       Module                       code   ro data   rw data
       ------                       ----   -------   -------
    .\
       empty_driverlib_main.obj     487    123       0      
    +--+----------------------------+------+---------+---------+
       Total:                       487    123       0      
                                                            
    .\device\
       device.obj                   616    79        0      
       f2838x_codestartbranch.obj   10     0         0      
    +--+----------------------------+------+---------+---------+
       Total:                       626    79        0      
                                                            
    .\syscfg\
       board.obj                    1744   61        0      
       c2000ware_libraries.obj      1      0         0      
    +--+----------------------------+------+---------+---------+
       Total:                       1745   61        0      
                                                            
    C:/ti/C2000Ware_6_00_01_00/driverlib/f2838x/driverlib/ccs/Debug/driverlib.lib
       sysctl.obj                   1859   151       0      
       flash.obj                    604    152       0      
       gpio.obj                     310    151       0      
       epwm.obj                     97     151       0      
       interrupt.obj                146    0         0      
       ipc.obj                      15     0         0      
    +--+----------------------------+------+---------+---------+
       Total:                       3031   605       0      
                                                            
    C:\ti\ccs2031\ccs\tools\compiler\ti-cgt-c2000_22.6.2.LTS\lib\rts2800_fpu64_eabi.lib
       fs_div28.asm.obj             136    0         0      
       exit.c.obj                   41     0         6      
       copy_decompress_lzss.c.obj   46     0         0      
       autoinit.c.obj               43     0         0      
       memcpy.c.obj                 29     0         0      
       boot28.asm.obj               25     0         0      
       _lock.c.obj                  9      0         4      
       args_main.c.obj              12     0         0      
       copy_decompress_none.c.obj   8      0         0      
       pre_init.c.obj               2      0         0      
       startup.c.obj                1      0         0      
    +--+----------------------------+------+---------+---------+
       Total:                       352    0         10     
                                                            
       Stack:                       0      0         1016   
       Linker Generated:            0      17        0      
    +--+----------------------------+------+---------+---------+
       Grand Total:                 6241   885       1026   


LINKER GENERATED COPY TABLES

__TI_cinit_table @ 0008800e records: 1, size/record: 4, table size: 4
	.data: load addr=00088000, load size=00000009 bytes, run addr=0000a800, run size=0000000a bytes, compression=lzss


LINKER GENERATED HANDLER TABLE

__TI_handler_table @ 0008800a records: 2, size/record: 2, table size: 4
	index: 0, handler: __TI_decompress_lzss
	index: 1, handler: __TI_decompress_none


GLOBAL DATA SYMBOLS: SORTED BY DATA PAGE

address     data page           name
--------    ----------------    ----
00000400      10 (00000400)     __stack

0000a800     2a0 (0000a800)     __TI_enable_exit_profile_output
0000a802     2a0 (0000a800)     __TI_cleanup_ptr
0000a804     2a0 (0000a800)     __TI_dtors_ptr
0000a806     2a0 (0000a800)     _lock
0000a808     2a0 (0000a800)     _unlock


GLOBAL SYMBOLS: SORTED ALPHABETICALLY BY Name 

page  address   name                                     
----  -------   ----                                     
0     000835a8  Board_init                               
0     00082ffb  C$$EXIT                                  
0     00083619  C2000Ware_libraries_init                 
0     0008229a  Device_enableAllPeripherals              
0     000834d8  Device_enableUnbondedGPIOPullups         
0     0008348f  Device_enableUnbondedGPIOPullupsFor176Pin
0     0008299b  Device_init                              
0     000830fc  Device_initGPIO                          
0     00082000  EPWM_init                                
0     0008336f  EPWM_setEmulationMode                    
0     00008000  Flash_initModule                         
0     000835e7  GPIO_init                                
0     00082ea0  GPIO_setControllerCore                   
0     00082f45  GPIO_setDirectionMode                    
0     00082ab9  GPIO_setPadConfig                        
0     00082ed7  GPIO_setPinConfig                        
0     00082f0e  GPIO_setQualificationMode                
0     00083385  Interrupt_defaultHandler                 
0     000835c9  Interrupt_illegalOperationHandler        
0     00082d7e  Interrupt_initModule                     
0     000831b5  Interrupt_initVectorTable                
0     000835d3  Interrupt_nmiHandler                     
0     0008343f  LED1_61_init                             
0     00083453  LED2_62_init                             
0     00083467  LED3_145_init                            
0     0008347b  LED4_146_init                            
0     000828d2  PinMux_init                              
0     00086122  RamfuncsLoadEnd                          
abs   00000122  RamfuncsLoadSize                         
0     00086000  RamfuncsLoadStart                        
0     00008122  RamfuncsRunEnd                           
abs   00000122  RamfuncsRunSize                          
0     00008000  RamfuncsRunStart                         
0     000835dd  SYNC_init                                
0     0000811e  SysCtl_delay                             
0     0008293a  SysCtl_getAuxClock                       
0     000829fb  SysCtl_getClock                          
0     00083297  SysCtl_getLowSpeedClock                  
0     0008253c  SysCtl_isPLLValid                        
0     00082c35  SysCtl_selectOscSource                   
0     00082a5b  SysCtl_selectOscSourceAuxPLL             
0     00082d00  SysCtl_selectXTAL                        
0     0008304b  SysCtl_selectXTALSingleEnded             
0     00082654  SysCtl_setAuxClock                       
0     00082401  SysCtl_setClock                          
0     0008800e  __TI_CINIT_Base                          
0     00088012  __TI_CINIT_Limit                         
0     00088012  __TI_CINIT_Warm                          
0     0008800a  __TI_Handler_Table_Base                  
0     0008800e  __TI_Handler_Table_Limit                 
0     000007f8  __TI_STACK_END                           
abs   000003f8  __TI_STACK_SIZE                          
0     00082fd0  __TI_auto_init_nobinit_nopinit           
0     0000a802  __TI_cleanup_ptr                         
0     00082f76  __TI_decompress_lzss                     
0     000835f9  __TI_decompress_none                     
0     0000a804  __TI_dtors_ptr                           
0     0000a800  __TI_enable_exit_profile_output          
abs   ffffffff  __TI_pprof_out_hndl                      
abs   ffffffff  __TI_prof_data_size                      
abs   ffffffff  __TI_prof_data_start                     
0     0008276c  __c28xabi_divf                           
n/a   UNDEFED   __c_args__                               
0     00083610  __error__                                
0     00000400  __stack                                  
0     0008359c  _args_main                               
0     000832ca  _c_int00                                 
0     0000a806  _lock                                    
0     000835f8  _nop                                     
0     000835f4  _register_lock                           
0     000835f0  _register_unlock                         
0     0008361a  _system_post_cinit                       
0     00083617  _system_pre_init                         
0     0000a808  _unlock                                  
0     00082ffb  abort                                    
0     00080000  code_start                               
0     00082ffd  exit                                     
0     00082867  main                                     
0     0008322a  memcpy                                   


GLOBAL SYMBOLS: SORTED BY Symbol Address 

page  address   name                                     
----  -------   ----                                     
0     00000400  __stack                                  
0     000007f8  __TI_STACK_END                           
0     00008000  Flash_initModule                         
0     00008000  RamfuncsRunStart                         
0     0000811e  SysCtl_delay                             
0     00008122  RamfuncsRunEnd                           
0     0000a800  __TI_enable_exit_profile_output          
0     0000a802  __TI_cleanup_ptr                         
0     0000a804  __TI_dtors_ptr                           
0     0000a806  _lock                                    
0     0000a808  _unlock                                  
0     00080000  code_start                               
0     00082000  EPWM_init                                
0     0008229a  Device_enableAllPeripherals              
0     00082401  SysCtl_setClock                          
0     0008253c  SysCtl_isPLLValid                        
0     00082654  SysCtl_setAuxClock                       
0     0008276c  __c28xabi_divf                           
0     00082867  main                                     
0     000828d2  PinMux_init                              
0     0008293a  SysCtl_getAuxClock                       
0     0008299b  Device_init                              
0     000829fb  SysCtl_getClock                          
0     00082a5b  SysCtl_selectOscSourceAuxPLL             
0     00082ab9  GPIO_setPadConfig                        
0     00082c35  SysCtl_selectOscSource                   
0     00082d00  SysCtl_selectXTAL                        
0     00082d7e  Interrupt_initModule                     
0     00082ea0  GPIO_setControllerCore                   
0     00082ed7  GPIO_setPinConfig                        
0     00082f0e  GPIO_setQualificationMode                
0     00082f45  GPIO_setDirectionMode                    
0     00082f76  __TI_decompress_lzss                     
0     00082fd0  __TI_auto_init_nobinit_nopinit           
0     00082ffb  C$$EXIT                                  
0     00082ffb  abort                                    
0     00082ffd  exit                                     
0     0008304b  SysCtl_selectXTALSingleEnded             
0     000830fc  Device_initGPIO                          
0     000831b5  Interrupt_initVectorTable                
0     0008322a  memcpy                                   
0     00083297  SysCtl_getLowSpeedClock                  
0     000832ca  _c_int00                                 
0     0008336f  EPWM_setEmulationMode                    
0     00083385  Interrupt_defaultHandler                 
0     0008343f  LED1_61_init                             
0     00083453  LED2_62_init                             
0     00083467  LED3_145_init                            
0     0008347b  LED4_146_init                            
0     0008348f  Device_enableUnbondedGPIOPullupsFor176Pin
0     000834d8  Device_enableUnbondedGPIOPullups         
0     0008359c  _args_main                               
0     000835a8  Board_init                               
0     000835c9  Interrupt_illegalOperationHandler        
0     000835d3  Interrupt_nmiHandler                     
0     000835dd  SYNC_init                                
0     000835e7  GPIO_init                                
0     000835f0  _register_unlock                         
0     000835f4  _register_lock                           
0     000835f8  _nop                                     
0     000835f9  __TI_decompress_none                     
0     00083610  __error__                                
0     00083617  _system_pre_init                         
0     00083619  C2000Ware_libraries_init                 
0     0008361a  _system_post_cinit                       
0     00086000  RamfuncsLoadStart                        
0     00086122  RamfuncsLoadEnd                          
0     0008800a  __TI_Handler_Table_Base                  
0     0008800e  __TI_CINIT_Base                          
0     0008800e  __TI_Handler_Table_Limit                 
0     00088012  __TI_CINIT_Limit                         
0     00088012  __TI_CINIT_Warm                          
abs   00000122  RamfuncsLoadSize                         
abs   00000122  RamfuncsRunSize                          
abs   000003f8  __TI_STACK_SIZE                          
abs   ffffffff  __TI_pprof_out_hndl                      
abs   ffffffff  __TI_prof_data_size                      
abs   ffffffff  __TI_prof_data_start                     
n/a   UNDEFED   __c_args__                               

[79 symbols]
