******************************************************************************
             TMS320C2000 Linker PC v22.6.2                     
******************************************************************************
>> Linked Fri Jan  9 10:48:10 2026

OUTPUT FILE NAME:   <260108_1705_Driverlib Empty CPU1 Example CCS Project.out>
ENTRY POINT SYMBOL: "code_start"  address: 00000000


MEMORY CONFIGURATION

         name            origin    length      used     unused   attr    fill
----------------------  --------  ---------  --------  --------  ----  --------
  BEGIN                 00000000   00000002  00000002  00000000  RWIX
  BOOT_RSVD             00000002   000001af  00000000  000001af  RWIX
  RAMM0                 000001b1   0000024f  00000014  0000023b  RWIX
  RAMM1                 00000400   000003f8  000003f8  00000000  RWIX
  RAMLS0                00008000   00000800  00000000  00000800  RWIX
  RAMLS1                00008800   00000800  00000000  00000800  RWIX
  RAMLS2                00009000   00000800  00000000  00000800  RWIX
  RAMLS3                00009800   00000800  00000000  00000800  RWIX
  RAMLS4                0000a000   00000800  00000000  00000800  RWIX
  RAMLS5                0000a800   00000800  000001c7  00000639  RWIX
  RAMLS6                0000b000   00000800  00000000  00000800  RWIX
  RAMLS7                0000b800   00000800  00000000  00000800  RWIX
  RAMD0                 0000c000   00000800  00000800  00000000  RWIX
  RAMD1                 0000c800   00000800  0000062d  000001d3  RWIX
  RAMGS0                0000d000   00001000  00000000  00001000  RWIX
  RAMGS1                0000e000   00001000  00000000  00001000  RWIX
  RAMGS2                0000f000   00001000  00000000  00001000  RWIX
  RAMGS3                00010000   00001000  00000000  00001000  RWIX
  RAMGS4                00011000   00001000  00000000  00001000  RWIX
  RAMGS5                00012000   00001000  00000000  00001000  RWIX
  RAMGS6                00013000   00001000  00000000  00001000  RWIX
  RAMGS7                00014000   00001000  00000000  00001000  RWIX
  RAMGS8                00015000   00001000  00000000  00001000  RWIX
  RAMGS9                00016000   00001000  00000000  00001000  RWIX
  RAMGS10               00017000   00001000  00000000  00001000  RWIX
  RAMGS11               00018000   00001000  00000000  00001000  RWIX
  RAMGS12               00019000   00001000  00000000  00001000  RWIX
  RAMGS13               0001a000   00001000  00000000  00001000  RWIX
  RAMGS14               0001b000   00001000  00000000  00001000  RWIX
  RAMGS15               0001c000   00000ff8  00000000  00000ff8  RWIX
  CMTOCPURAM            00038000   00000800  00000000  00000800  RWIX
  CPUTOCMRAM            00039000   00000800  00000000  00000800  RWIX
  CPU1TOCPU2RAM         0003a000   00000800  00000000  00000800  RWIX
  CPU2TOCPU1RAM         0003b000   00000800  00000000  00000800  RWIX
  CANA_MSG_RAM          00049000   00000800  00000000  00000800  RWIX
  CANB_MSG_RAM          0004b000   00000800  00000000  00000800  RWIX
  FLASH0                00080000   00002000  00000000  00002000  RWIX
  FLASH1                00082000   00002000  00000000  00002000  RWIX
  FLASH2                00084000   00002000  00000000  00002000  RWIX
  FLASH3                00086000   00002000  00000000  00002000  RWIX
  FLASH4                00088000   00008000  00000000  00008000  RWIX
  FLASH5                00090000   00008000  00000000  00008000  RWIX
  FLASH6                00098000   00008000  00000000  00008000  RWIX
  FLASH7                000a0000   00008000  00000000  00008000  RWIX
  FLASH8                000a8000   00008000  00000000  00008000  RWIX
  FLASH9                000b0000   00008000  00000000  00008000  RWIX
  FLASH10               000b8000   00002000  00000000  00002000  RWIX
  FLASH11               000ba000   00002000  00000000  00002000  RWIX
  FLASH12               000bc000   00002000  00000000  00002000  RWIX
  FLASH13               000be000   00002000  00000000  00002000  RWIX
  RESET                 003fffc0   00000002  00000000  00000002  RWIX


SECTION ALLOCATION MAP

 output                                  attributes/
section   page    origin      length       input sections
--------  ----  ----------  ----------   ----------------
codestart 
*          0    00000000    00000002     
                  00000000    00000002     f2838x_codestartbranch.obj (codestart)

.cinit     0    000001b6    00000010     
                  000001b6    00000008     (.cinit..data.load) [load image, compression = lzss]
                  000001be    00000004     (__TI_handler_table)
                  000001c2    00000004     (__TI_cinit_table)

.reset     0    003fffc0    00000000     DSECT

.stack     0    00000400    000003f8     UNINITIALIZED
                  00000400    000003f8     --HOLE--

.init_array 
*          0    000001b1    00000000     UNINITIALIZED

.data      0    0000a800    0000000a     UNINITIALIZED
                  0000a800    00000006     rts2800_fpu64_eabi.lib : exit.c.obj (.data)
                  0000a806    00000002                            : _lock.c.obj (.data:_lock)
                  0000a808    00000002                            : _lock.c.obj (.data:_unlock)

.const     0    0000a80a    000001bd     
                  0000a80a    00000097     driverlib.lib : gpio.obj (.const:.string)
                  0000a8a1    00000001     --HOLE-- [fill = 0]
                  0000a8a2    00000097                   : sysctl.obj (.const:.string)
                  0000a939    00000001     --HOLE-- [fill = 0]
                  0000a93a    0000004f     device.obj (.const:.string)
                  0000a989    00000001     --HOLE-- [fill = 0]
                  0000a98a    0000003d     empty_driverlib_main.obj (.const:.string)

.TI.ramfunc 
*          0    000001b1    00000004     
                  000001b1    00000004     driverlib.lib : sysctl.obj (.TI.ramfunc)

.text.1    0    0000c000    00000800     
                  0000c000    00000167     device.obj (.text:Device_enableAllPeripherals)
                  0000c167    0000013b     driverlib.lib : sysctl.obj (.text:SysCtl_setClock)
                  0000c2a2    00000118                   : sysctl.obj (.text:SysCtl_isPLLValid)
                  0000c3ba    00000118                   : sysctl.obj (.text:SysCtl_setAuxClock)
                  0000c4d2    00000088     rts2800_fpu64_eabi.lib : fs_div28.asm.obj (.text)
                  0000c55a    00000073     driverlib.lib : sysctl.obj (.text:DCC_setCounterSeeds)
                  0000c5cd    00000061                   : sysctl.obj (.text:SysCtl_getAuxClock)
                  0000c62e    00000060                   : sysctl.obj (.text:SysCtl_getClock)
                  0000c68e    0000005e                   : sysctl.obj (.text:SysCtl_selectOscSourceAuxPLL)
                  0000c6ec    00000052                   : gpio.obj (.text:GPIO_setPadConfig)
                  0000c73e    0000004d     device.obj (.text:Device_init)
                  0000c78b    00000049     driverlib.lib : sysctl.obj (.text:SysCtl_pollX1Counter)
                  0000c7d4    0000002b     rts2800_fpu64_eabi.lib : autoinit.c.obj (.text:__TI_auto_init_nobinit_nopinit)
                  0000c7ff    00000001     c2000ware_libraries.obj (.text:C2000Ware_libraries_init)

.text.2    0    0000c800    0000062d     
                  0000c800    00000049     empty_driverlib_main.obj (.text:main)
                  0000c849    00000047     driverlib.lib : sysctl.obj (.text:SysCtl_selectOscSource)
                  0000c890    00000044     empty_driverlib_main.obj (.text:GPIO_writePin)
                  0000c8d4    00000040     driverlib.lib : sysctl.obj (.text:SysCtl_selectXTAL)
                  0000c914    0000003d                   : interrupt.obj (.text:Interrupt_initModule)
                  0000c951    0000003b     empty_driverlib_main.obj (.text:GPIO_togglePin)
                  0000c98c    00000037     driverlib.lib : gpio.obj (.text:GPIO_setControllerCore)
                  0000c9c3    00000037                   : gpio.obj (.text:GPIO_setPinConfig)
                  0000c9fa    00000037                   : gpio.obj (.text:GPIO_setQualificationMode)
                  0000ca31    00000031                   : gpio.obj (.text:GPIO_setDirectionMode)
                  0000ca62    0000002e     rts2800_fpu64_eabi.lib : copy_decompress_lzss.c.obj (.text:decompress:lzss)
                  0000ca90    00000029                            : exit.c.obj (.text)
                  0000cab9    00000025     driverlib.lib : sysctl.obj (.text:SysCtl_selectXTALSingleEnded)
                  0000cade    00000024                   : sysctl.obj (.text:DCC_enableSingleShotMode)
                  0000cb02    00000021     device.obj (.text:Device_initGPIO)
                  0000cb23    0000001e     driverlib.lib : sysctl.obj (.text:DCC_setCounter0ClkSource)
                  0000cb41    0000001e                   : sysctl.obj (.text:DCC_setCounter1ClkSource)
                  0000cb5f    0000001e                   : interrupt.obj (.text:Interrupt_initVectorTable)
                  0000cb7d    0000001d     rts2800_fpu64_eabi.lib : memcpy.c.obj (.text)
                  0000cb9a    0000001a     driverlib.lib : sysctl.obj (.text:DCC_isBaseValid)
                  0000cbb4    0000001a                   : sysctl.obj (.text:SysCtl_getLowSpeedClock)
                  0000cbce    00000019     rts2800_fpu64_eabi.lib : boot28.asm.obj (.text)
                  0000cbe7    00000017     device.obj (.text:SysCtl_enablePeripheral)
                  0000cbfe    00000017     driverlib.lib : sysctl.obj (.text:SysCtl_enablePeripheral)
                  0000cc15    00000016                   : sysctl.obj (.text:DCC_disableDoneSignal)
                  0000cc2b    00000016                   : interrupt.obj (.text:Interrupt_defaultHandler)
                  0000cc41    00000015                   : sysctl.obj (.text:DCC_clearDoneFlag)
                  0000cc56    00000015                   : sysctl.obj (.text:DCC_clearErrorFlag)
                  0000cc6b    00000015                   : sysctl.obj (.text:DCC_disableErrorSignal)
                  0000cc80    00000015     device.obj (.text:GPIO_unlockPortConfig)
                  0000cc95    00000014     driverlib.lib : sysctl.obj (.text:DCC_disableModule)
                  0000cca9    00000014                   : sysctl.obj (.text:DCC_enableModule)
                  0000ccbd    00000014     board.obj (.text:LED1_61_init)
                  0000ccd1    00000014     board.obj (.text:LED2_62_init)
                  0000cce5    00000014     board.obj (.text:LED3_145_init)
                  0000ccf9    00000014     board.obj (.text:LED4_146_init)
                  0000cd0d    00000014     device.obj (.text:SysCtl_deviceCal)
                  0000cd21    00000013     device.obj (.text:Device_enableUnbondedGPIOPullupsFor176Pin)
                  0000cd34    00000013     board.obj (.text:PinMux_init)
                  0000cd47    00000011     device.obj (.text:Device_enableUnbondedGPIOPullups)
                  0000cd58    00000011     device.obj (.text:SysCtl_setCMClk)
                  0000cd69    0000000f     driverlib.lib : ipc.obj (.text:Interrupt_unregister)
                  0000cd78    0000000f                   : sysctl.obj (.text:SysCtl_setPLLSysClk)
                  0000cd87    0000000e                   : gpio.obj (.text:GPIO_isPinValid)
                  0000cd95    0000000e     empty_driverlib_main.obj (.text:GPIO_isPinValid)
                  0000cda3    0000000d     driverlib.lib : interrupt.obj (.text:Interrupt_disableGlobal)
                  0000cdb0    0000000d     device.obj (.text:SysCtl_setLowSpeedClock)
                  0000cdbd    0000000c     rts2800_fpu64_eabi.lib : args_main.c.obj (.text)
                  0000cdc9    0000000b     device.obj (.text:SysCtl_disableWatchdog)
                  0000cdd4    0000000b     driverlib.lib : sysctl.obj (.text:SysCtl_isMCDClockFailureDetected)
                  0000cddf    0000000a                   : interrupt.obj (.text:Interrupt_illegalOperationHandler)
                  0000cde9    0000000a                   : interrupt.obj (.text:Interrupt_nmiHandler)
                  0000cdf3    00000009     board.obj (.text:GPIO_init)
                  0000cdfc    00000009     rts2800_fpu64_eabi.lib : _lock.c.obj (.text)
                  0000ce05    00000008                            : copy_decompress_none.c.obj (.text:decompress:none)
                  0000ce0d    00000008     f2838x_codestartbranch.obj (.text)
                  0000ce15    00000007     board.obj (.text:Board_init)
                  0000ce1c    00000007     driverlib.lib : sysctl.obj (.text:SysCtl_resetMCD)
                  0000ce23    00000007     device.obj (.text:__error__)
                  0000ce2a    00000002     rts2800_fpu64_eabi.lib : pre_init.c.obj (.text)
                  0000ce2c    00000001                            : startup.c.obj (.text)

MODULE SUMMARY

       Module                       code   ro data   rw data
       ------                       ----   -------   -------
    .\
       empty_driverlib_main.obj     214    61        0      
    +--+----------------------------+------+---------+---------+
       Total:                       214    61        0      
                                                            
    .\device\
       device.obj                   617    79        0      
       f2838x_codestartbranch.obj   10     0         0      
    +--+----------------------------+------+---------+---------+
       Total:                       627    79        0      
                                                            
    .\syscfg\
       board.obj                    115    0         0      
       c2000ware_libraries.obj      1      0         0      
    +--+----------------------------+------+---------+---------+
       Total:                       116    0         0      
                                                            
    C:/ti/C2000Ware_6_00_01_00/driverlib/f2838x/driverlib/ccs/Debug/driverlib.lib
       sysctl.obj                   1855   151       0      
       gpio.obj                     310    151       0      
       interrupt.obj                146    0         0      
       ipc.obj                      15     0         0      
    +--+----------------------------+------+---------+---------+
       Total:                       2326   302       0      
                                                            
    C:\ti\ccs2031\ccs\tools\compiler\ti-cgt-c2000_22.6.2.LTS\lib\rts2800_fpu64_eabi.lib
       fs_div28.asm.obj             136    0         0      
       exit.c.obj                   41     0         6      
       copy_decompress_lzss.c.obj   46     0         0      
       autoinit.c.obj               43     0         0      
       memcpy.c.obj                 29     0         0      
       boot28.asm.obj               25     0         0      
       _lock.c.obj                  9      0         4      
       args_main.c.obj              12     0         0      
       copy_decompress_none.c.obj   8      0         0      
       pre_init.c.obj               2      0         0      
       startup.c.obj                1      0         0      
    +--+----------------------------+------+---------+---------+
       Total:                       352    0         10     
                                                            
       Stack:                       0      0         1016   
       Linker Generated:            0      16        0      
    +--+----------------------------+------+---------+---------+
       Grand Total:                 3635   458       1026   


LINKER GENERATED COPY TABLES

__TI_cinit_table @ 000001c2 records: 1, size/record: 4, table size: 4
	.data: load addr=000001b6, load size=00000008 bytes, run addr=0000a800, run size=0000000a bytes, compression=lzss


LINKER GENERATED HANDLER TABLE

__TI_handler_table @ 000001be records: 2, size/record: 2, table size: 4
	index: 0, handler: __TI_decompress_lzss
	index: 1, handler: __TI_decompress_none


GLOBAL DATA SYMBOLS: SORTED BY DATA PAGE

address     data page           name
--------    ----------------    ----
00000400      10 (00000400)     __stack

0000a800     2a0 (0000a800)     __TI_enable_exit_profile_output
0000a802     2a0 (0000a800)     __TI_cleanup_ptr
0000a804     2a0 (0000a800)     __TI_dtors_ptr
0000a806     2a0 (0000a800)     _lock
0000a808     2a0 (0000a800)     _unlock


GLOBAL SYMBOLS: SORTED ALPHABETICALLY BY Name 

page  address   name                                     
----  -------   ----                                     
0     0000ce15  Board_init                               
0     0000ca90  C$$EXIT                                  
0     0000c7ff  C2000Ware_libraries_init                 
0     0000c000  Device_enableAllPeripherals              
0     0000cd47  Device_enableUnbondedGPIOPullups         
0     0000cd21  Device_enableUnbondedGPIOPullupsFor176Pin
0     0000c73e  Device_init                              
0     0000cb02  Device_initGPIO                          
0     0000cdf3  GPIO_init                                
0     0000c98c  GPIO_setControllerCore                   
0     0000ca31  GPIO_setDirectionMode                    
0     0000c6ec  GPIO_setPadConfig                        
0     0000c9c3  GPIO_setPinConfig                        
0     0000c9fa  GPIO_setQualificationMode                
0     0000cc2b  Interrupt_defaultHandler                 
0     0000cddf  Interrupt_illegalOperationHandler        
0     0000c914  Interrupt_initModule                     
0     0000cb5f  Interrupt_initVectorTable                
0     0000cde9  Interrupt_nmiHandler                     
0     0000ccbd  LED1_61_init                             
0     0000ccd1  LED2_62_init                             
0     0000cce5  LED3_145_init                            
0     0000ccf9  LED4_146_init                            
0     0000cd34  PinMux_init                              
0     000001b1  SysCtl_delay                             
0     0000c5cd  SysCtl_getAuxClock                       
0     0000c62e  SysCtl_getClock                          
0     0000cbb4  SysCtl_getLowSpeedClock                  
0     0000c2a2  SysCtl_isPLLValid                        
0     0000c849  SysCtl_selectOscSource                   
0     0000c68e  SysCtl_selectOscSourceAuxPLL             
0     0000c8d4  SysCtl_selectXTAL                        
0     0000cab9  SysCtl_selectXTALSingleEnded             
0     0000c3ba  SysCtl_setAuxClock                       
0     0000c167  SysCtl_setClock                          
0     000001c2  __TI_CINIT_Base                          
0     000001c6  __TI_CINIT_Limit                         
0     000001c6  __TI_CINIT_Warm                          
0     000001be  __TI_Handler_Table_Base                  
0     000001c2  __TI_Handler_Table_Limit                 
0     000007f8  __TI_STACK_END                           
abs   000003f8  __TI_STACK_SIZE                          
0     0000c7d4  __TI_auto_init_nobinit_nopinit           
0     0000a802  __TI_cleanup_ptr                         
0     0000ca62  __TI_decompress_lzss                     
0     0000ce05  __TI_decompress_none                     
0     0000a804  __TI_dtors_ptr                           
0     0000a800  __TI_enable_exit_profile_output          
abs   ffffffff  __TI_pprof_out_hndl                      
abs   ffffffff  __TI_prof_data_size                      
abs   ffffffff  __TI_prof_data_start                     
0     0000c4d2  __c28xabi_divf                           
n/a   UNDEFED   __c_args__                               
0     0000ce23  __error__                                
0     00000400  __stack                                  
0     0000cdbd  _args_main                               
0     0000cbce  _c_int00                                 
0     0000a806  _lock                                    
0     0000ce04  _nop                                     
0     0000ce00  _register_lock                           
0     0000cdfc  _register_unlock                         
0     0000ce2c  _system_post_cinit                       
0     0000ce2a  _system_pre_init                         
0     0000a808  _unlock                                  
0     0000ca90  abort                                    
0     00000000  code_start                               
0     0000ca92  exit                                     
0     0000c800  main                                     
0     0000cb7d  memcpy                                   


GLOBAL SYMBOLS: SORTED BY Symbol Address 

page  address   name                                     
----  -------   ----                                     
0     00000000  code_start                               
0     000001b1  SysCtl_delay                             
0     000001be  __TI_Handler_Table_Base                  
0     000001c2  __TI_CINIT_Base                          
0     000001c2  __TI_Handler_Table_Limit                 
0     000001c6  __TI_CINIT_Limit                         
0     000001c6  __TI_CINIT_Warm                          
0     00000400  __stack                                  
0     000007f8  __TI_STACK_END                           
0     0000a800  __TI_enable_exit_profile_output          
0     0000a802  __TI_cleanup_ptr                         
0     0000a804  __TI_dtors_ptr                           
0     0000a806  _lock                                    
0     0000a808  _unlock                                  
0     0000c000  Device_enableAllPeripherals              
0     0000c167  SysCtl_setClock                          
0     0000c2a2  SysCtl_isPLLValid                        
0     0000c3ba  SysCtl_setAuxClock                       
0     0000c4d2  __c28xabi_divf                           
0     0000c5cd  SysCtl_getAuxClock                       
0     0000c62e  SysCtl_getClock                          
0     0000c68e  SysCtl_selectOscSourceAuxPLL             
0     0000c6ec  GPIO_setPadConfig                        
0     0000c73e  Device_init                              
0     0000c7d4  __TI_auto_init_nobinit_nopinit           
0     0000c7ff  C2000Ware_libraries_init                 
0     0000c800  main                                     
0     0000c849  SysCtl_selectOscSource                   
0     0000c8d4  SysCtl_selectXTAL                        
0     0000c914  Interrupt_initModule                     
0     0000c98c  GPIO_setControllerCore                   
0     0000c9c3  GPIO_setPinConfig                        
0     0000c9fa  GPIO_setQualificationMode                
0     0000ca31  GPIO_setDirectionMode                    
0     0000ca62  __TI_decompress_lzss                     
0     0000ca90  C$$EXIT                                  
0     0000ca90  abort                                    
0     0000ca92  exit                                     
0     0000cab9  SysCtl_selectXTALSingleEnded             
0     0000cb02  Device_initGPIO                          
0     0000cb5f  Interrupt_initVectorTable                
0     0000cb7d  memcpy                                   
0     0000cbb4  SysCtl_getLowSpeedClock                  
0     0000cbce  _c_int00                                 
0     0000cc2b  Interrupt_defaultHandler                 
0     0000ccbd  LED1_61_init                             
0     0000ccd1  LED2_62_init                             
0     0000cce5  LED3_145_init                            
0     0000ccf9  LED4_146_init                            
0     0000cd21  Device_enableUnbondedGPIOPullupsFor176Pin
0     0000cd34  PinMux_init                              
0     0000cd47  Device_enableUnbondedGPIOPullups         
0     0000cdbd  _args_main                               
0     0000cddf  Interrupt_illegalOperationHandler        
0     0000cde9  Interrupt_nmiHandler                     
0     0000cdf3  GPIO_init                                
0     0000cdfc  _register_unlock                         
0     0000ce00  _register_lock                           
0     0000ce04  _nop                                     
0     0000ce05  __TI_decompress_none                     
0     0000ce15  Board_init                               
0     0000ce23  __error__                                
0     0000ce2a  _system_pre_init                         
0     0000ce2c  _system_post_cinit                       
abs   000003f8  __TI_STACK_SIZE                          
abs   ffffffff  __TI_pprof_out_hndl                      
abs   ffffffff  __TI_prof_data_size                      
abs   ffffffff  __TI_prof_data_start                     
n/a   UNDEFED   __c_args__                               

[69 symbols]
