******************************************************************************
             TMS320C2000 Linker PC v22.6.2                     
******************************************************************************
>> Linked Mon Jan 12 16:22:53 2026

OUTPUT FILE NAME:   <260112_1600_Driverlib Empty CPU1 Example CCS Project.out>
ENTRY POINT SYMBOL: "code_start"  address: 00080000


MEMORY CONFIGURATION

         name            origin    length      used     unused   attr    fill
----------------------  --------  ---------  --------  --------  ----  --------
  BOOT_RSVD             00000002   000001af  00000000  000001af  RWIX
  RAMM0                 000001b1   0000024f  00000000  0000024f  RWIX
  RAMM1                 00000400   000003f8  000003f8  00000000  RWIX
  RAMLS0                00008000   00000800  00000122  000006de  RWIX
  RAMLS1                00008800   00000800  00000000  00000800  RWIX
  RAMLS2                00009000   00000800  00000000  00000800  RWIX
  RAMLS3                00009800   00000800  00000000  00000800  RWIX
  RAMLS4                0000a000   00000800  00000000  00000800  RWIX
  RAMLS5                0000a800   00000800  0000000a  000007f6  RWIX
  RAMLS6                0000b000   00000800  00000000  00000800  RWIX
  RAMLS7                0000b800   00000800  00000000  00000800  RWIX
  RAMD0                 0000c000   00000800  00000000  00000800  RWIX
  RAMD1                 0000c800   00000800  00000000  00000800  RWIX
  RAMGS0                0000d000   00001000  00000000  00001000  RWIX
  RAMGS1                0000e000   00001000  00000000  00001000  RWIX
  RAMGS2                0000f000   00001000  00000000  00001000  RWIX
  RAMGS3                00010000   00001000  00000000  00001000  RWIX
  RAMGS4                00011000   00001000  00000000  00001000  RWIX
  RAMGS5                00012000   00001000  00000000  00001000  RWIX
  RAMGS6                00013000   00001000  00000000  00001000  RWIX
  RAMGS7                00014000   00001000  00000000  00001000  RWIX
  RAMGS8                00015000   00001000  00000000  00001000  RWIX
  RAMGS9                00016000   00001000  00000000  00001000  RWIX
  RAMGS10               00017000   00001000  00000000  00001000  RWIX
  RAMGS11               00018000   00001000  00000000  00001000  RWIX
  RAMGS12               00019000   00001000  00000000  00001000  RWIX
  RAMGS13               0001a000   00001000  00000000  00001000  RWIX
  RAMGS14               0001b000   00001000  00000000  00001000  RWIX
  RAMGS15               0001c000   00000ff8  00000000  00000ff8  RWIX
  CMTOCPURAM            00038000   00000800  00000000  00000800  RWIX
  CPUTOCMRAM            00039000   00000800  00000000  00000800  RWIX
  CPU1TOCPU2RAM         0003a000   00000800  00000000  00000800  RWIX
  CPU2TOCPU1RAM         0003b000   00000800  00000000  00000800  RWIX
  CANA_MSG_RAM          00049000   00000800  00000000  00000800  RWIX
  CANB_MSG_RAM          0004b000   00000800  00000000  00000800  RWIX
  BEGIN                 00080000   00000002  00000002  00000000  RWIX
  FLASH0                00080002   00001ffe  00000000  00001ffe  RWIX
  FLASH1                00082000   00002000  0000139e  00000c62  RWIX
  FLASH2                00084000   00002000  00000000  00002000  RWIX
  FLASH3                00086000   00002000  00000122  00001ede  RWIX
  FLASH4                00088000   00008000  00000012  00007fee  RWIX
  FLASH5                00090000   00008000  00000367  00007c99  RWIX
  FLASH6                00098000   00008000  00000000  00008000  RWIX
  FLASH7                000a0000   00008000  00000000  00008000  RWIX
  FLASH8                000a8000   00008000  00000000  00008000  RWIX
  FLASH9                000b0000   00008000  00000000  00008000  RWIX
  FLASH10               000b8000   00002000  00000000  00002000  RWIX
  FLASH11               000ba000   00002000  00000000  00002000  RWIX
  FLASH12               000bc000   00002000  00000000  00002000  RWIX
  FLASH13               000be000   00001ff0  00000000  00001ff0  RWIX
  RESET                 003fffc0   00000002  00000000  00000002  RWIX


SECTION ALLOCATION MAP

 output                                  attributes/
section   page    origin      length       input sections
--------  ----  ----------  ----------   ----------------
codestart 
*          0    00080000    00000002     
                  00080000    00000002     f2838x_codestartbranch.obj (codestart)

.cinit     0    00088000    00000012     
                  00088000    00000009     (.cinit..data.load) [load image, compression = lzss]
                  00088009    00000001     --HOLE-- [fill = 0]
                  0008800a    00000004     (__TI_handler_table)
                  0008800e    00000004     (__TI_cinit_table)

.reset     0    003fffc0    00000000     DSECT

.stack     0    00000400    000003f8     UNINITIALIZED
                  00000400    000003f8     --HOLE--

.init_array 
*          0    00082000    00000000     UNINITIALIZED

.data      0    0000a800    0000000a     UNINITIALIZED
                  0000a800    00000006     rts2800_fpu64_eabi.lib : exit.c.obj (.data)
                  0000a806    00000002                            : _lock.c.obj (.data:_lock)
                  0000a808    00000002                            : _lock.c.obj (.data:_unlock)

.const     0    00090000    00000367     
                  00090000    00000098     driverlib.lib : flash.obj (.const:.string)
                  00090098    00000097                   : gpio.obj (.const:.string)
                  0009012f    00000001     --HOLE-- [fill = 0]
                  00090130    00000097                   : sysctl.obj (.const:.string)
                  000901c7    00000001     --HOLE-- [fill = 0]
                  000901c8    0000007f     board.obj (.const:.string)
                  00090247    00000001     --HOLE-- [fill = 0]
                  00090248    0000007f     empty_driverlib_main.obj (.const:.string)
                  000902c7    00000001     --HOLE-- [fill = 0]
                  000902c8    0000004f     device.obj (.const:.string)
                  00090317    00000001     --HOLE-- [fill = 0]
                  00090318    0000004f     driverlib.lib : cputimer.obj (.const:.string)

.TI.ramfunc 
*          0    00086000    00000122     RUN ADDR = 00008000
                  00086000    0000003f     driverlib.lib : flash.obj (.TI.ramfunc:Flash_initModule)
                  0008603f    0000002c                   : flash.obj (.TI.ramfunc:Flash_setBankPowerMode)
                  0008606b    00000022                   : flash.obj (.TI.ramfunc:Flash_setWaitstates)
                  0008608d    0000001d                   : flash.obj (.TI.ramfunc:Flash_setPumpPowerMode)
                  000860aa    00000018                   : flash.obj (.TI.ramfunc:Flash_disableCache)
                  000860c2    00000018                   : flash.obj (.TI.ramfunc:Flash_disablePrefetch)
                  000860da    00000017                   : flash.obj (.TI.ramfunc:Flash_enableCache)
                  000860f1    00000017                   : flash.obj (.TI.ramfunc:Flash_enablePrefetch)
                  00086108    00000016                   : flash.obj (.TI.ramfunc:Flash_enableECC)
                  0008611e    00000004                   : sysctl.obj (.TI.ramfunc)

.text      0    00082000    0000139e     
                  00082000    00000167     device.obj (.text:Device_enableAllPeripherals)
                  00082167    0000013b     driverlib.lib : sysctl.obj (.text:SysCtl_setClock)
                  000822a2    00000118                   : sysctl.obj (.text:SysCtl_isPLLValid)
                  000823ba    00000118                   : sysctl.obj (.text:SysCtl_setAuxClock)
                  000824d2    000000c2     board.obj (.text:EPWM_init)
                  00082594    00000088     rts2800_fpu64_eabi.lib : fs_div28.asm.obj (.text)
                  0008261c    00000073     driverlib.lib : sysctl.obj (.text:DCC_setCounterSeeds)
                  0008268f    00000061                   : sysctl.obj (.text:SysCtl_getAuxClock)
                  000826f0    00000060     device.obj (.text:Device_init)
                  00082750    00000060     driverlib.lib : sysctl.obj (.text:SysCtl_getClock)
                  000827b0    0000005e                   : sysctl.obj (.text:SysCtl_selectOscSourceAuxPLL)
                  0008280e    00000052                   : gpio.obj (.text:GPIO_setPadConfig)
                  00082860    0000004b     board.obj (.text:EPWM_isBaseValid)
                  000828ab    00000049     driverlib.lib : sysctl.obj (.text:SysCtl_pollX1Counter)
                  000828f4    00000047                   : sysctl.obj (.text:SysCtl_selectOscSource)
                  0008293b    00000045     empty_driverlib_main.obj (.text:INT_myCPUTIMER0_ISR)
                  00082980    00000045     empty_driverlib_main.obj (.text:INT_myCPUTIMER1_ISR)
                  000829c5    00000044     empty_driverlib_main.obj (.text:GPIO_writePin)
                  00082a09    00000040     board.obj (.text:EPWM_setActionQualifierAction)
                  00082a49    00000040     driverlib.lib : sysctl.obj (.text:SysCtl_selectXTAL)
                  00082a89    0000003e     board.obj (.text:EPWM_setCounterCompareShadowLoadMode)
                  00082ac7    0000003d     driverlib.lib : interrupt.obj (.text:Interrupt_initModule)
                  00082b04    0000003b     empty_driverlib_main.obj (.text:GPIO_togglePin)
                  00082b3f    0000003a     board.obj (.text:EPWM_setActionQualifierShadowLoadMode)
                  00082b79    00000037     driverlib.lib : gpio.obj (.text:GPIO_setControllerCore)
                  00082bb0    00000037                   : gpio.obj (.text:GPIO_setPinConfig)
                  00082be7    00000037                   : gpio.obj (.text:GPIO_setQualificationMode)
                  00082c1e    00000037                   : interrupt.obj (.text:Interrupt_enable)
                  00082c55    00000031                   : gpio.obj (.text:GPIO_setDirectionMode)
                  00082c86    00000030     board.obj (.text:PinMux_init)
                  00082cb6    0000002e     rts2800_fpu64_eabi.lib : copy_decompress_lzss.c.obj (.text:decompress:lzss)
                  00082ce4    0000002b                            : autoinit.c.obj (.text:__TI_auto_init_nobinit_nopinit)
                  00082d0f    00000029                            : exit.c.obj (.text)
                  00082d38    00000026     board.obj (.text:myCPUTIMER0_init)
                  00082d5e    00000026     board.obj (.text:myCPUTIMER1_init)
                  00082d84    00000025     driverlib.lib : sysctl.obj (.text:SysCtl_selectXTALSingleEnded)
                  00082da9    00000024                   : sysctl.obj (.text:DCC_enableSingleShotMode)
                  00082dcd    00000024     empty_driverlib_main.obj (.text:main)
                  00082df1    00000022     board.obj (.text:EPWM_setCounterCompareValue)
                  00082e13    00000021     device.obj (.text:Device_initGPIO)
                  00082e34    0000001f     board.obj (.text:EPWM_setFallingEdgeDelayCountShadowLoadMode)
                  00082e53    0000001f     board.obj (.text:EPWM_setRisingEdgeDelayCountShadowLoadMode)
                  00082e72    0000001e     driverlib.lib : sysctl.obj (.text:DCC_setCounter0ClkSource)
                  00082e90    0000001e                   : sysctl.obj (.text:DCC_setCounter1ClkSource)
                  00082eae    0000001e     board.obj (.text:EPWM_setPhaseShift)
                  00082ecc    0000001e     driverlib.lib : interrupt.obj (.text:Interrupt_initVectorTable)
                  00082eea    0000001d     rts2800_fpu64_eabi.lib : memcpy.c.obj (.text)
                  00082f07    0000001c     board.obj (.text:EPWM_setClockPrescaler)
                  00082f23    0000001a     board.obj (.text:CPUTimer_startTimer)
                  00082f3d    0000001a     driverlib.lib : sysctl.obj (.text:DCC_isBaseValid)
                  00082f57    0000001a     board.obj (.text:EPWM_disableActionQualifierShadowLoadMode)
                  00082f71    0000001a     driverlib.lib : sysctl.obj (.text:SysCtl_getLowSpeedClock)
                  00082f8b    00000019     board.obj (.text:INTERRUPT_init)
                  00082fa4    00000019     rts2800_fpu64_eabi.lib : boot28.asm.obj (.text)
                  00082fbd    00000018     board.obj (.text:EPWM_disableFallingEdgeDelayCountShadowLoadMode)
                  00082fd5    00000018     board.obj (.text:EPWM_disableRisingEdgeDelayCountShadowLoadMode)
                  00082fed    00000017     board.obj (.text:CPUTimer_isBaseValid)
                  00083004    00000017     driverlib.lib : cputimer.obj (.text:CPUTimer_isBaseValid)
                  0008301b    00000017     empty_driverlib_main.obj (.text:CPUTimer_isBaseValid)
                  00083032    00000017     board.obj (.text:CPUTimer_setPreScaler)
                  00083049    00000017     device.obj (.text:SysCtl_enablePeripheral)
                  00083060    00000017     driverlib.lib : sysctl.obj (.text:SysCtl_enablePeripheral)
                  00083077    00000016                   : sysctl.obj (.text:DCC_disableDoneSignal)
                  0008308d    00000016                   : interrupt.obj (.text:Interrupt_defaultHandler)
                  000830a3    00000015     board.obj (.text:CPUTimer_enableInterrupt)
                  000830b8    00000015     driverlib.lib : sysctl.obj (.text:DCC_clearDoneFlag)
                  000830cd    00000015                   : sysctl.obj (.text:DCC_clearErrorFlag)
                  000830e2    00000015                   : sysctl.obj (.text:DCC_disableErrorSignal)
                  000830f7    00000015     device.obj (.text:GPIO_unlockPortConfig)
                  0008310c    00000014     board.obj (.text:CPUTimer_reloadTimerCounter)
                  00083120    00000014     board.obj (.text:CPUTimer_stopTimer)
                  00083134    00000014     driverlib.lib : sysctl.obj (.text:DCC_disableModule)
                  00083148    00000014                   : sysctl.obj (.text:DCC_enableModule)
                  0008315c    00000014     board.obj (.text:EPWM_setTimeBaseCounterMode)
                  00083170    00000014     board.obj (.text:EPWM_setTimeBasePeriod)
                  00083184    00000014     board.obj (.text:LED1_61_init)
                  00083198    00000014     board.obj (.text:LED2_62_init)
                  000831ac    00000014     board.obj (.text:LED3_145_init)
                  000831c0    00000014     board.obj (.text:LED4_146_init)
                  000831d4    00000013     driverlib.lib : cputimer.obj (.text:CPUTimer_setEmulationMode)
                  000831e7    00000013     device.obj (.text:Device_enableUnbondedGPIOPullupsFor176Pin)
                  000831fa    00000012     empty_driverlib_main.obj (.text:CPUTimer_clearOverflowFlag)
                  0008320c    00000012     board.obj (.text:EPWM_setTimeBaseCounter)
                  0008321e    00000012     board.obj (.text:SysCtl_setSyncOutputConfig)
                  00083230    00000011     board.obj (.text:CPUTimer_setPeriod)
                  00083241    00000011     device.obj (.text:Device_enableUnbondedGPIOPullups)
                  00083252    00000011     board.obj (.text:EPWM_disablePhaseShiftLoad)
                  00083263    00000011     device.obj (.text:SysCtl_setCMClk)
                  00083274    00000010     driverlib.lib : flash.obj (.text:Flash_isCtrlBaseValid)
                  00083284    00000010                   : flash.obj (.text:Flash_isECCBaseValid)
                  00083294    0000000f     board.obj (.text:Board_init)
                  000832a3    0000000f     board.obj (.text:Interrupt_register)
                  000832b2    0000000f     driverlib.lib : ipc.obj (.text:Interrupt_unregister)
                  000832c1    0000000f                   : sysctl.obj (.text:SysCtl_setPLLSysClk)
                  000832d0    0000000e                   : gpio.obj (.text:GPIO_isPinValid)
                  000832de    0000000e     empty_driverlib_main.obj (.text:GPIO_isPinValid)
                  000832ec    0000000d     driverlib.lib : interrupt.obj (.text:Interrupt_disableGlobal)
                  000832f9    0000000d                   : interrupt.obj (.text:Interrupt_enableGlobal)
                  00083306    0000000d     device.obj (.text:SysCtl_setLowSpeedClock)
                  00083313    0000000c     board.obj (.text:SysCtl_enableExtADCSOCSource)
                  0008331f    0000000c     rts2800_fpu64_eabi.lib : args_main.c.obj (.text)
                  0008332b    0000000b     device.obj (.text:SysCtl_disableWatchdog)
                  00083336    0000000b     driverlib.lib : sysctl.obj (.text:SysCtl_isMCDClockFailureDetected)
                  00083341    0000000a                   : interrupt.obj (.text:Interrupt_illegalOperationHandler)
                  0008334b    0000000a                   : interrupt.obj (.text:Interrupt_nmiHandler)
                  00083355    0000000a     board.obj (.text:SYNC_init)
                  0008335f    00000009     board.obj (.text:GPIO_init)
                  00083368    00000009     rts2800_fpu64_eabi.lib : _lock.c.obj (.text)
                  00083371    00000008                            : copy_decompress_none.c.obj (.text:decompress:none)
                  00083379    00000008     f2838x_codestartbranch.obj (.text)
                  00083381    00000007     driverlib.lib : sysctl.obj (.text:SysCtl_resetMCD)
                  00083388    00000007     device.obj (.text:__error__)
                  0008338f    00000006     empty_driverlib_main.obj (.text:Interrupt_clearACKGroup)
                  00083395    00000005     board.obj (.text:CPUTIMER_init)
                  0008339a    00000002     rts2800_fpu64_eabi.lib : pre_init.c.obj (.text)
                  0008339c    00000001     c2000ware_libraries.obj (.text:C2000Ware_libraries_init)
                  0008339d    00000001     rts2800_fpu64_eabi.lib : startup.c.obj (.text)

MODULE SUMMARY

       Module                       code   ro data   rw data
       ------                       ----   -------   -------
    .\
       empty_driverlib_main.obj     362    127       0      
    +--+----------------------------+------+---------+---------+
       Total:                       362    127       0      
                                                            
    .\device\
       device.obj                   616    79        0      
       f2838x_codestartbranch.obj   10     0         0      
    +--+----------------------------+------+---------+---------+
       Total:                       626    79        0      
                                                            
    .\syscfg\
       board.obj                    1219   127       0      
       c2000ware_libraries.obj      1      0         0      
    +--+----------------------------+------+---------+---------+
       Total:                       1220   127       0      
                                                            
    C:/ti/C2000Ware_6_00_01_00/driverlib/f2838x/driverlib/ccs/Debug/driverlib.lib
       sysctl.obj                   1859   151       0      
       flash.obj                    604    152       0      
       gpio.obj                     310    151       0      
       interrupt.obj                214    0         0      
       cputimer.obj                 42     79        0      
       ipc.obj                      15     0         0      
    +--+----------------------------+------+---------+---------+
       Total:                       3044   533       0      
                                                            
    C:\ti\ccs2031\ccs\tools\compiler\ti-cgt-c2000_22.6.2.LTS\lib\rts2800_fpu64_eabi.lib
       fs_div28.asm.obj             136    0         0      
       exit.c.obj                   41     0         6      
       copy_decompress_lzss.c.obj   46     0         0      
       autoinit.c.obj               43     0         0      
       memcpy.c.obj                 29     0         0      
       boot28.asm.obj               25     0         0      
       _lock.c.obj                  9      0         4      
       args_main.c.obj              12     0         0      
       copy_decompress_none.c.obj   8      0         0      
       pre_init.c.obj               2      0         0      
       startup.c.obj                1      0         0      
    +--+----------------------------+------+---------+---------+
       Total:                       352    0         10     
                                                            
       Stack:                       0      0         1016   
       Linker Generated:            0      17        0      
    +--+----------------------------+------+---------+---------+
       Grand Total:                 5604   883       1026   


LINKER GENERATED COPY TABLES

__TI_cinit_table @ 0008800e records: 1, size/record: 4, table size: 4
	.data: load addr=00088000, load size=00000009 bytes, run addr=0000a800, run size=0000000a bytes, compression=lzss


LINKER GENERATED HANDLER TABLE

__TI_handler_table @ 0008800a records: 2, size/record: 2, table size: 4
	index: 0, handler: __TI_decompress_lzss
	index: 1, handler: __TI_decompress_none


GLOBAL DATA SYMBOLS: SORTED BY DATA PAGE

address     data page           name
--------    ----------------    ----
00000400      10 (00000400)     __stack

0000a800     2a0 (0000a800)     __TI_enable_exit_profile_output
0000a802     2a0 (0000a800)     __TI_cleanup_ptr
0000a804     2a0 (0000a800)     __TI_dtors_ptr
0000a806     2a0 (0000a800)     _lock
0000a808     2a0 (0000a800)     _unlock


GLOBAL SYMBOLS: SORTED ALPHABETICALLY BY Name 

page  address   name                                     
----  -------   ----                                     
0     00083294  Board_init                               
0     00082d0f  C$$EXIT                                  
0     0008339c  C2000Ware_libraries_init                 
0     00083395  CPUTIMER_init                            
0     000831d4  CPUTimer_setEmulationMode                
0     00082000  Device_enableAllPeripherals              
0     00083241  Device_enableUnbondedGPIOPullups         
0     000831e7  Device_enableUnbondedGPIOPullupsFor176Pin
0     000826f0  Device_init                              
0     00082e13  Device_initGPIO                          
0     000824d2  EPWM_init                                
0     00008000  Flash_initModule                         
0     0008335f  GPIO_init                                
0     00082b79  GPIO_setControllerCore                   
0     00082c55  GPIO_setDirectionMode                    
0     0008280e  GPIO_setPadConfig                        
0     00082bb0  GPIO_setPinConfig                        
0     00082be7  GPIO_setQualificationMode                
0     00082f8b  INTERRUPT_init                           
0     0008293b  INT_myCPUTIMER0_ISR                      
0     00082980  INT_myCPUTIMER1_ISR                      
0     0008308d  Interrupt_defaultHandler                 
0     00082c1e  Interrupt_enable                         
0     00083341  Interrupt_illegalOperationHandler        
0     00082ac7  Interrupt_initModule                     
0     00082ecc  Interrupt_initVectorTable                
0     0008334b  Interrupt_nmiHandler                     
0     00083184  LED1_61_init                             
0     00083198  LED2_62_init                             
0     000831ac  LED3_145_init                            
0     000831c0  LED4_146_init                            
0     00082c86  PinMux_init                              
0     00086122  RamfuncsLoadEnd                          
abs   00000122  RamfuncsLoadSize                         
0     00086000  RamfuncsLoadStart                        
0     00008122  RamfuncsRunEnd                           
abs   00000122  RamfuncsRunSize                          
0     00008000  RamfuncsRunStart                         
0     00083355  SYNC_init                                
0     0000811e  SysCtl_delay                             
0     0008268f  SysCtl_getAuxClock                       
0     00082750  SysCtl_getClock                          
0     00082f71  SysCtl_getLowSpeedClock                  
0     000822a2  SysCtl_isPLLValid                        
0     000828f4  SysCtl_selectOscSource                   
0     000827b0  SysCtl_selectOscSourceAuxPLL             
0     00082a49  SysCtl_selectXTAL                        
0     00082d84  SysCtl_selectXTALSingleEnded             
0     000823ba  SysCtl_setAuxClock                       
0     00082167  SysCtl_setClock                          
0     0008800e  __TI_CINIT_Base                          
0     00088012  __TI_CINIT_Limit                         
0     00088012  __TI_CINIT_Warm                          
0     0008800a  __TI_Handler_Table_Base                  
0     0008800e  __TI_Handler_Table_Limit                 
0     000007f8  __TI_STACK_END                           
abs   000003f8  __TI_STACK_SIZE                          
0     00082ce4  __TI_auto_init_nobinit_nopinit           
0     0000a802  __TI_cleanup_ptr                         
0     00082cb6  __TI_decompress_lzss                     
0     00083371  __TI_decompress_none                     
0     0000a804  __TI_dtors_ptr                           
0     0000a800  __TI_enable_exit_profile_output          
abs   ffffffff  __TI_pprof_out_hndl                      
abs   ffffffff  __TI_prof_data_size                      
abs   ffffffff  __TI_prof_data_start                     
0     00082594  __c28xabi_divf                           
n/a   UNDEFED   __c_args__                               
0     00083388  __error__                                
0     00000400  __stack                                  
0     0008331f  _args_main                               
0     00082fa4  _c_int00                                 
0     0000a806  _lock                                    
0     00083370  _nop                                     
0     0008336c  _register_lock                           
0     00083368  _register_unlock                         
0     0008339d  _system_post_cinit                       
0     0008339a  _system_pre_init                         
0     0000a808  _unlock                                  
0     00082d0f  abort                                    
0     00080000  code_start                               
0     00082d11  exit                                     
0     00082dcd  main                                     
0     00082eea  memcpy                                   
0     00082d38  myCPUTIMER0_init                         
0     00082d5e  myCPUTIMER1_init                         


GLOBAL SYMBOLS: SORTED BY Symbol Address 

page  address   name                                     
----  -------   ----                                     
0     00000400  __stack                                  
0     000007f8  __TI_STACK_END                           
0     00008000  Flash_initModule                         
0     00008000  RamfuncsRunStart                         
0     0000811e  SysCtl_delay                             
0     00008122  RamfuncsRunEnd                           
0     0000a800  __TI_enable_exit_profile_output          
0     0000a802  __TI_cleanup_ptr                         
0     0000a804  __TI_dtors_ptr                           
0     0000a806  _lock                                    
0     0000a808  _unlock                                  
0     00080000  code_start                               
0     00082000  Device_enableAllPeripherals              
0     00082167  SysCtl_setClock                          
0     000822a2  SysCtl_isPLLValid                        
0     000823ba  SysCtl_setAuxClock                       
0     000824d2  EPWM_init                                
0     00082594  __c28xabi_divf                           
0     0008268f  SysCtl_getAuxClock                       
0     000826f0  Device_init                              
0     00082750  SysCtl_getClock                          
0     000827b0  SysCtl_selectOscSourceAuxPLL             
0     0008280e  GPIO_setPadConfig                        
0     000828f4  SysCtl_selectOscSource                   
0     0008293b  INT_myCPUTIMER0_ISR                      
0     00082980  INT_myCPUTIMER1_ISR                      
0     00082a49  SysCtl_selectXTAL                        
0     00082ac7  Interrupt_initModule                     
0     00082b79  GPIO_setControllerCore                   
0     00082bb0  GPIO_setPinConfig                        
0     00082be7  GPIO_setQualificationMode                
0     00082c1e  Interrupt_enable                         
0     00082c55  GPIO_setDirectionMode                    
0     00082c86  PinMux_init                              
0     00082cb6  __TI_decompress_lzss                     
0     00082ce4  __TI_auto_init_nobinit_nopinit           
0     00082d0f  C$$EXIT                                  
0     00082d0f  abort                                    
0     00082d11  exit                                     
0     00082d38  myCPUTIMER0_init                         
0     00082d5e  myCPUTIMER1_init                         
0     00082d84  SysCtl_selectXTALSingleEnded             
0     00082dcd  main                                     
0     00082e13  Device_initGPIO                          
0     00082ecc  Interrupt_initVectorTable                
0     00082eea  memcpy                                   
0     00082f71  SysCtl_getLowSpeedClock                  
0     00082f8b  INTERRUPT_init                           
0     00082fa4  _c_int00                                 
0     0008308d  Interrupt_defaultHandler                 
0     00083184  LED1_61_init                             
0     00083198  LED2_62_init                             
0     000831ac  LED3_145_init                            
0     000831c0  LED4_146_init                            
0     000831d4  CPUTimer_setEmulationMode                
0     000831e7  Device_enableUnbondedGPIOPullupsFor176Pin
0     00083241  Device_enableUnbondedGPIOPullups         
0     00083294  Board_init                               
0     0008331f  _args_main                               
0     00083341  Interrupt_illegalOperationHandler        
0     0008334b  Interrupt_nmiHandler                     
0     00083355  SYNC_init                                
0     0008335f  GPIO_init                                
0     00083368  _register_unlock                         
0     0008336c  _register_lock                           
0     00083370  _nop                                     
0     00083371  __TI_decompress_none                     
0     00083388  __error__                                
0     00083395  CPUTIMER_init                            
0     0008339a  _system_pre_init                         
0     0008339c  C2000Ware_libraries_init                 
0     0008339d  _system_post_cinit                       
0     00086000  RamfuncsLoadStart                        
0     00086122  RamfuncsLoadEnd                          
0     0008800a  __TI_Handler_Table_Base                  
0     0008800e  __TI_CINIT_Base                          
0     0008800e  __TI_Handler_Table_Limit                 
0     00088012  __TI_CINIT_Limit                         
0     00088012  __TI_CINIT_Warm                          
abs   00000122  RamfuncsLoadSize                         
abs   00000122  RamfuncsRunSize                          
abs   000003f8  __TI_STACK_SIZE                          
abs   ffffffff  __TI_pprof_out_hndl                      
abs   ffffffff  __TI_prof_data_size                      
abs   ffffffff  __TI_prof_data_start                     
n/a   UNDEFED   __c_args__                               

[86 symbols]
